Component: ARM Compiler 5.06 update 7 (build 960) Tool: armlink [4d3601]

==============================================================================

Section Cross References

    main.o(i.main) refers to delay.o(i.delay_init) for delay_init
    main.o(i.main) refers to misc.o(i.NVIC_PriorityGroupConfig) for NVIC_PriorityGroupConfig
    main.o(i.main) refers to usart.o(i.uart_init) for uart_init
    main.o(i.main) refers to led.o(i.LED_Init) for LED_Init
    main.o(i.main) refers to key.o(i.KEY_Init) for KEY_Init
    main.o(i.main) refers to lcd.o(i.LCD_Init) for LCD_Init
    main.o(i.main) refers to rtc.o(i.My_RTC_Init) for My_RTC_Init
    main.o(i.main) refers to usart3.o(i.usart3_init) for usart3_init
    main.o(i.main) refers to key.o(i.KEY_Scan) for KEY_Scan
    main.o(i.main) refers to delay.o(i.delay_ms) for delay_ms
    main.o(i.main) refers to wifista.o(i.atk_8266_wifista_config) for atk_8266_wifista_config
    main.o(i.main) refers to printfa.o(i.__0printf) for __2printf
    main.o(i.main) refers to time.o(i.get_beijing_time) for get_beijing_time
    main.o(i.main) refers to lcd.o(i.LCD_Clear) for LCD_Clear
    main.o(i.main) refers to calendar.o(i.calendar_play) for calendar_play
    system_stm32f4xx.o(i.SystemCoreClockUpdate) refers to system_stm32f4xx.o(.data) for SystemCoreClock
    system_stm32f4xx.o(i.SystemInit) refers to system_stm32f4xx.o(i.SetSysClock) for SetSysClock
    startup_stm32f40_41xxx.o(RESET) refers to startup_stm32f40_41xxx.o(STACK) for __initial_sp
    startup_stm32f40_41xxx.o(RESET) refers to startup_stm32f40_41xxx.o(.text) for Reset_Handler
    startup_stm32f40_41xxx.o(RESET) refers to stm32f4xx_it.o(i.NMI_Handler) for NMI_Handler
    startup_stm32f40_41xxx.o(RESET) refers to stm32f4xx_it.o(i.HardFault_Handler) for HardFault_Handler
    startup_stm32f40_41xxx.o(RESET) refers to stm32f4xx_it.o(i.MemManage_Handler) for MemManage_Handler
    startup_stm32f40_41xxx.o(RESET) refers to stm32f4xx_it.o(i.BusFault_Handler) for BusFault_Handler
    startup_stm32f40_41xxx.o(RESET) refers to stm32f4xx_it.o(i.UsageFault_Handler) for UsageFault_Handler
    startup_stm32f40_41xxx.o(RESET) refers to stm32f4xx_it.o(i.SVC_Handler) for SVC_Handler
    startup_stm32f40_41xxx.o(RESET) refers to stm32f4xx_it.o(i.DebugMon_Handler) for DebugMon_Handler
    startup_stm32f40_41xxx.o(RESET) refers to stm32f4xx_it.o(i.PendSV_Handler) for PendSV_Handler
    startup_stm32f40_41xxx.o(RESET) refers to stm32f4xx_it.o(i.SysTick_Handler) for SysTick_Handler
    startup_stm32f40_41xxx.o(RESET) refers to rtc.o(i.RTC_WKUP_IRQHandler) for RTC_WKUP_IRQHandler
    startup_stm32f40_41xxx.o(RESET) refers to usart.o(i.USART1_IRQHandler) for USART1_IRQHandler
    startup_stm32f40_41xxx.o(RESET) refers to usart3.o(i.USART3_IRQHandler) for USART3_IRQHandler
    startup_stm32f40_41xxx.o(RESET) refers to rtc.o(i.RTC_Alarm_IRQHandler) for RTC_Alarm_IRQHandler
    startup_stm32f40_41xxx.o(RESET) refers to timer.o(i.TIM7_IRQHandler) for TIM7_IRQHandler
    startup_stm32f40_41xxx.o(.text) refers to system_stm32f4xx.o(i.SystemInit) for SystemInit
    startup_stm32f40_41xxx.o(.text) refers to entry.o(.ARM.Collect$$$$00000000) for __main
    delay.o(i.delay_init) refers to misc.o(i.SysTick_CLKSourceConfig) for SysTick_CLKSourceConfig
    delay.o(i.delay_init) refers to delay.o(.data) for fac_us
    delay.o(i.delay_ms) refers to delay.o(i.delay_xms) for delay_xms
    delay.o(i.delay_us) refers to delay.o(.data) for fac_us
    delay.o(i.delay_xms) refers to delay.o(.data) for fac_ms
    usart.o(i.USART1_IRQHandler) refers to stm32f4xx_usart.o(i.USART_GetITStatus) for USART_GetITStatus
    usart.o(i.USART1_IRQHandler) refers to stm32f4xx_usart.o(i.USART_ReceiveData) for USART_ReceiveData
    usart.o(i.USART1_IRQHandler) refers to usart.o(.data) for USART_RX_STA
    usart.o(i.USART1_IRQHandler) refers to usart.o(.bss) for USART_RX_BUF
    usart.o(i.uart_init) refers to stm32f4xx_rcc.o(i.RCC_AHB1PeriphClockCmd) for RCC_AHB1PeriphClockCmd
    usart.o(i.uart_init) refers to stm32f4xx_rcc.o(i.RCC_APB2PeriphClockCmd) for RCC_APB2PeriphClockCmd
    usart.o(i.uart_init) refers to stm32f4xx_gpio.o(i.GPIO_PinAFConfig) for GPIO_PinAFConfig
    usart.o(i.uart_init) refers to stm32f4xx_gpio.o(i.GPIO_Init) for GPIO_Init
    usart.o(i.uart_init) refers to stm32f4xx_usart.o(i.USART_Init) for USART_Init
    usart.o(i.uart_init) refers to stm32f4xx_usart.o(i.USART_Cmd) for USART_Cmd
    usart.o(i.uart_init) refers to stm32f4xx_usart.o(i.USART_ClearFlag) for USART_ClearFlag
    usart.o(i.uart_init) refers to stm32f4xx_usart.o(i.USART_ITConfig) for USART_ITConfig
    usart.o(i.uart_init) refers to misc.o(i.NVIC_Init) for NVIC_Init
    key.o(i.KEY_Init) refers to stm32f4xx_rcc.o(i.RCC_AHB1PeriphClockCmd) for RCC_AHB1PeriphClockCmd
    key.o(i.KEY_Init) refers to stm32f4xx_gpio.o(i.GPIO_Init) for GPIO_Init
    key.o(i.KEY_Scan) refers to stm32f4xx_gpio.o(i.GPIO_ReadInputDataBit) for GPIO_ReadInputDataBit
[...]
    i.USART_GetFlagStatus                    0x08003dec   Section        0  stm32f4xx_usart.o(i.USART_GetFlagStatus)
    i.USART_GetITStatus                      0x08003e06   Section        0  stm32f4xx_usart.o(i.USART_GetITStatus)
    i.USART_ITConfig                         0x08003e5a   Section        0  stm32f4xx_usart.o(i.USART_ITConfig)
    i.USART_Init                             0x08003ea4   Section        0  stm32f4xx_usart.o(i.USART_Init)
    i.USART_ReceiveData                      0x08003f78   Section        0  stm32f4xx_usart.o(i.USART_ReceiveData)
    i.USART_SendData                         0x08003f82   Section        0  stm32f4xx_usart.o(i.USART_SendData)
    i.UsageFault_Handler                     0x08003f8a   Section        0  stm32f4xx_it.o(i.UsageFault_Handler)
    i.__0printf                              0x08003f90   Section        0  printfa.o(i.__0printf)
    i.__0sprintf                             0x08003fb0   Section        0  printfa.o(i.__0sprintf)
    i.__0vsprintf                            0x08003fd8   Section        0  printfa.o(i.__0vsprintf)
    i.__ARM_fpclassify                       0x08003ffc   Section        0  fpclassify.o(i.__ARM_fpclassify)
    i.__aeabi_errno_addr                     0x0800402c   Section        0  errno.o(i.__aeabi_errno_addr)
    i.__free$realloc                         0x08004034   Section        0  mallocr.o(i.__free$realloc)
    i.__hardfp_cos                           0x08004090   Section        0  cos.o(i.__hardfp_cos)
    i.__hardfp_sin                           0x08004158   Section        0  sin.o(i.__hardfp_sin)
    i.__hardfp_strtod                        0x08004220   Section        0  strtod.o(i.__hardfp_strtod)
    i.__ieee754_rem_pio2                     0x08004248   Section        0  rred.o(i.__ieee754_rem_pio2)
    i.__kernel_cos                           0x08004680   Section        0  cos_i.o(i.__kernel_cos)
    i.__kernel_poly                          0x080047f0   Section        0  poly.o(i.__kernel_poly)
    i.__kernel_sin                           0x080048e8   Section        0  sin_i.o(i.__kernel_sin)
    i.__malloc$realloc                       0x08004a18   Section        0  mallocr.o(i.__malloc$realloc)
    i.__mathlib_dbl_infnan                   0x08004a68   Section        0  dunder.o(i.__mathlib_dbl_infnan)
    i.__mathlib_dbl_invalid                  0x08004a80   Section        0  dunder.o(i.__mathlib_dbl_invalid)
    i.__mathlib_dbl_underflow                0x08004aa0   Section        0  dunder.o(i.__mathlib_dbl_underflow)
    i.__scatterload_copy                     0x08004ac0   Section       14  handlers.o(i.__scatterload_copy)
    i.__scatterload_null                     0x08004ace   Section        2  handlers.o(i.__scatterload_null)
    i.__scatterload_zeroinit                 0x08004ad0   Section       14  handlers.o(i.__scatterload_zeroinit)
    i.__set_errno                            0x08004ae0   Section        0  errno.o(i.__set_errno)
    i._fp_digits                             0x08004aec   Section        0  printfa.o(i._fp_digits)
    _fp_digits                               0x08004aed   Thumb Code   366  printfa.o(i._fp_digits)
    i._is_digit                              0x08004c70   Section        0  scanf_fp.o(i._is_digit)
    i._printf_core                           0x08004c80   Section        0  printfa.o(i._printf_core)
    _printf_core                             0x08004c81   Thumb Code  1704  printfa.o(i._printf_core)
    i._printf_post_padding                   0x08005334   Section        0  printfa.o(i._printf_post_padding)
    _printf_post_padding                     0x08005335   Thumb Code    36  printfa.o(i._printf_post_padding)
    i._printf_pre_padding                    0x08005358   Section        0  printfa.o(i._printf_pre_padding)
    _printf_pre_padding                      0x08005359   Thumb Code    46  printfa.o(i._printf_pre_padding)
    i._sputc                                 0x08005386   Section        0  printfa.o(i._sputc)
    _sputc                                   0x08005387   Thumb Code    10  printfa.o(i._sputc)
    i.atk_8266_check_cmd                     0x08005390   Section        0  wifista.o(i.atk_8266_check_cmd)
    i.atk_8266_quit_trans                    0x080053c4   Section        0  wifista.o(i.atk_8266_quit_trans)
    i.atk_8266_send_cmd                      0x08005434   Section        0  wifista.o(i.atk_8266_send_cmd)
    i.atk_8266_wifista_config                0x080054ac   Section        0  wifista.o(i.atk_8266_wifista_config)
    i.buffer_skip_whitespace                 0x080055d4   Section        0  cjson.o(i.buffer_skip_whitespace)
    buffer_skip_whitespace                   0x080055d5   Thumb Code    72  cjson.o(i.buffer_skip_whitespace)
    i.cJSON_Delete                           0x0800561c   Section        0  cjson.o(i.cJSON_Delete)
    i.cJSON_GetErrorPtr                      0x08005674   Section        0  cjson.o(i.cJSON_GetErrorPtr)
    i.cJSON_GetObjectItem                    0x08005684   Section        0  cjson.o(i.cJSON_GetObjectItem)
    i.cJSON_New_Item                         0x08005696   Section        0  cjson.o(i.cJSON_New_Item)
    cJSON_New_Item                           0x08005697   Thumb Code    26  cjson.o(i.cJSON_New_Item)
    i.cJSON_Parse                            0x080056b0   Section        0  cjson.o(i.cJSON_Parse)
    i.cJSON_ParseWithLengthOpts              0x080056c0   Section        0  cjson.o(i.cJSON_ParseWithLengthOpts)
    i.cJSON_ParseWithOpts                    0x08005794   Section        0  cjson.o(i.cJSON_ParseWithOpts)
    i.calendar_circle_clock_drawpanel        0x080057bc   Section        0  calendar.o(i.calendar_circle_clock_drawpanel)
    i.calendar_circle_clock_showtime         0x08005f68   Section        0  calendar.o(i.calendar_circle_clock_showtime)
    i.calendar_get_time                      0x08006ed4   Section        0  calendar.o(i.calendar_get_time)
    i.calendar_play                          0x08006ee8   Section        0  calendar.o(i.calendar_play)
    i.case_insensitive_strcmp                0x0800708c   Section        0  cjson.o(i.case_insensitive_strcmp)
    case_insensitive_strcmp                  0x0800708d   Thumb Code    72  cjson.o(i.case_insensitive_strcmp)
    i.delay_init                             0x080070d4   Section        0  delay.o(i.delay_init)
    i.delay_ms                               0x08007110   Section        0  delay.o(i.delay_ms)
    i.delay_us                               0x08007148   Section        0  delay.o(i.delay_us)
    i.delay_xms                              0x08007194   Section        0  delay.o(i.delay_xms)
    i.fabs                                   0x080071e0   Section        0  fabs.o(i.fabs)
    i.fputc                                  0x080071f8   Section        0  usart.o(i.fputc)
    i.get_beijing_time                       0x08007214   Section        0  time.o(i.get_beijing_time)
    i.get_decimal_point                      0x08007344   Section        0  cjson.o(i.get_decimal_point)
    get_decimal_point                        0x08007345   Thumb Code     4  cjson.o(i.get_decimal_point)
    i.get_object_item                        0x08007348   Section        0  cjson.o(i.get_object_item)
    get_object_item                          0x08007349   Thumb Code    82  cjson.o(i.get_object_item)
    i.gui_draw_bline1                        0x0800739a   Section        0  lcd.o(i.gui_draw_bline1)
    i.internal_alloc                         0x08007500   Section        0  mallocr.o(i.internal_alloc)
    internal_alloc                           0x08007501   Thumb Code    76  mallocr.o(i.internal_alloc)
    i.main                                   0x08007550   Section        0  main.o(i.main)
    i.my_mem_free                            0x080075e8   Section        0  malloc.o(i.my_mem_free)
    i.my_mem_init                            0x08007654   Section        0  malloc.o(i.my_mem_init)
    i.my_mem_malloc                          0x08007698   Section        0  malloc.o(i.my_mem_malloc)
    i.my_mem_perused                         0x08007740   Section        0  malloc.o(i.my_mem_perused)
    i.myfree                                 0x08007780   Section        0  malloc.o(i.myfree)
    i.mymalloc                               0x080077a4   Section        0  malloc.o(i.mymalloc)
    i.mymemset                               0x080077cc   Section        0  malloc.o(i.mymemset)
    i.parse_array                            0x080077e0   Section        0  cjson.o(i.parse_array)
    parse_array                              0x080077e1   Thumb Code   248  cjson.o(i.parse_array)
    i.parse_hex4                             0x080078d8   Section        0  cjson.o(i.parse_hex4)
    parse_hex4                               0x080078d9   Thumb Code    90  cjson.o(i.parse_hex4)
    i.parse_now_time                         0x08007934   Section        0  parsejson.o(i.parse_now_time)
    i.parse_number                           0x08007a30   Section        0  cjson.o(i.parse_number)
    parse_number                             0x08007a31   Thumb Code   316  cjson.o(i.parse_number)
    i.parse_object                           0x08007b84   Section        0  cjson.o(i.parse_object)
    parse_object                             0x08007b85   Thumb Code   318  cjson.o(i.parse_object)
    i.parse_string                           0x08007cc2   Section        0  cjson.o(i.parse_string)
    parse_string                             0x08007cc3   Thumb Code   396  cjson.o(i.parse_string)
    i.parse_value                            0x08007e50   Section        0  cjson.o(i.parse_value)
    parse_value                              0x08007e51   Thumb Code   290  cjson.o(i.parse_value)
    i.realloc                                0x08007f8c   Section        0  mallocr.o(i.realloc)
    i.skip_utf8_bom                          0x08007ff8   Section        0  cjson.o(i.skip_utf8_bom)
    skip_utf8_bom                            0x08007ff9   Thumb Code    56  cjson.o(i.skip_utf8_bom)
    i.u3_printf                              0x08008034   Section        0  usart3.o(i.u3_printf)
    i.uart_init                              0x08008084   Section        0  usart.o(i.uart_init)
    i.usart3_init                            0x08008138   Section        0  usart3.o(i.usart3_init)
    i.utf16_literal_to_utf8                  0x08008210   Section        0  cjson.o(i.utf16_literal_to_utf8)
    utf16_literal_to_utf8                    0x08008211   Thumb Code   300  cjson.o(i.utf16_literal_to_utf8)
    .constdata                               0x0800833c   Section     6080  lcd.o(.constdata)
    .constdata                               0x08009afc   Section       36  malloc.o(.constdata)
    .constdata                               0x08009b20   Section       12  parsejson.o(.constdata)
    .constdata                               0x08009b30   Section       48  cos_i.o(.constdata)
    C                                        0x08009b30   Data          48  cos_i.o(.constdata)
    .constdata                               0x08009b60   Section      200  rred.o(.constdata)
    pio2s                                    0x08009b60   Data          48  rred.o(.constdata)
    twooverpi                                0x08009b90   Data         152  rred.o(.constdata)
    .constdata                               0x08009c28   Section       40  sin_i.o(.constdata)
    S                                        0x08009c28   Data          40  sin_i.o(.constdata)
    .constdata                               0x08009c50   Section      129  ctype_o.o(.constdata)
    .constdata                               0x08009cd4   Section        4  ctype_o.o(.constdata)
    table                                    0x08009cd4   Data           4  ctype_o.o(.constdata)
    .conststring                             0x08009cd8   Section       80  wifista.o(.conststring)
    .conststring                             0x08009d28   Section       72  time.o(.conststring)
    .ARM.__AT_0x10000000                     0x10000000   Section    61440  malloc.o(.ARM.__AT_0x10000000)
    .ARM.__AT_0x1000F000                     0x1000f000   Section     3840  malloc.o(.ARM.__AT_0x1000F000)
    .data                                    0x20000000   Section        4  delay.o(.data)
    fac_us                                   0x20000000   Data           1  delay.o(.data)
    fac_ms                                   0x20000002   Data           2  delay.o(.data)
    .data                                    0x20000004   Section        6  usart.o(.data)
    .data                                    0x2000000a   Section        1  key.o(.data)
    key_up                                   0x2000000a   Data           1  key.o(.data)
    .data                                    0x2000000c   Section        2  usart3.o(.data)
    .data                                    0x2000000e   Section        7  calendar.o(.data)
    TIME_TOPY                                0x2000000e   Data           2  calendar.o(.data)
    OTHER_TOPY                               0x20000010   Data           2  calendar.o(.data)
    oldhour                                  0x20000012   Data           1  calendar.o(.data)
    oldmin                                   0x20000013   Data           1  calendar.o(.data)
    oldsec                                   0x20000014   Data           1  calendar.o(.data)
    .data                                    0x20000015   Section       16  stm32f4xx_rcc.o(.data)
    APBAHBPrescTable                         0x20000015   Data          16  stm32f4xx_rcc.o(.data)
    .data                                    0x20000028   Section       36  malloc.o(.data)
    .data                                    0x2000004c   Section       32  wifista.o(.data)
    .data                                    0x2000006c   Section       20  cjson.o(.data)
    global_error                             0x2000006c   Data           8  cjson.o(.data)
    global_hooks                             0x20000074   Data          12  cjson.o(.data)
    .data                                    0x20000080   Section        4  mvars.o(.data)
    .data                                    0x20000084   Section        4  mvars.o(.data)
    .data                                    0x20000088   Section        4  errno.o(.data)
    _errno                                   0x20000088   Data           4  errno.o(.data)
    .bss                                     0x2000008c   Section      200  usart.o(.bss)
    .bss                                     0x20000154   Section       14  lcd.o(.bss)
    .bss                                     0x20000168   Section      800  usart3.o(.bss)
    .bss                                     0x200004a0   Section    108800  malloc.o(.bss)
    HEAP                                     0x2001ada0   Section      512  startup_stm32f40_41xxx.o(HEAP)
    STACK                                    0x2001afa0   Section     1024  startup_stm32f40_41xxx.o(STACK)
    .ARM.__AT_0x68000000                     0x68000000   Section    983040  malloc.o(.ARM.__AT_0x68000000)
    .ARM.__AT_0x680F0000                     0x680f0000   Section    61440  malloc.o(.ARM.__AT_0x680F0000)

    Global Symbols

    Symbol Name                              Value     Ov Type        Size  Object(Section)

    BuildAttributes$$THM_ISAv4$E$P$D$K$B$S$7EM$VFPi3$EXTD16$VFPS$VFMA$PE$A:L22UL41UL21$X:L11$S22US41US21$IEEE1$IW$USESV6$~STKCKD$USESV7$~SHL$OTIME$ROPI$IEEEX$EBA8$MICROLIB$REQ8$PRES8$EABIv2 0x00000000   Number         0  anon$$obj.o ABSOLUTE
    __ARM_use_no_argv                        0x00000000   Number         0  main.o ABSOLUTE
    __use_no_errno                           0x00000000   Number         0  useno.o ABSOLUTE
    __use_no_exception_handling              0x00000000   Number         0  useno.o ABSOLUTE
    __use_no_fp                              0x00000000   Number         0  useno.o ABSOLUTE
    __use_no_heap                            0x00000000   Number         0  useno.o ABSOLUTE
    __use_no_heap_region                     0x00000000   Number         0  useno.o ABSOLUTE
    __use_no_semihosting                     0x00000000   Number         0  useno.o ABSOLUTE
    __use_no_semihosting_swi                 0x00000000   Number         0  useno.o ABSOLUTE
    __use_no_signal_handling                 0x00000000   Number         0  useno.o ABSOLUTE
    _printf_a                                0x00000000   Number         0  stubs.o ABSOLUTE
    _printf_c                                0x00000000   Number         0  stubs.o ABSOLUTE
    _printf_charcount                        0x00000000   Number         0  stubs.o ABSOLUTE
    _printf_d                                0x00000000   Number         0  stubs.o ABSOLUTE
    _printf_e                                0x00000000   Number         0  stubs.o ABSOLUTE
    _printf_f                                0x00000000   Number         0  stubs.o ABSOLUTE
    _printf_flags                            0x00000000   Number         0  stubs.o ABSOLUTE
    _printf_fp_dec                           0x00000000   Number         0  stubs.o ABSOLUTE
    _printf_fp_hex                           0x00000000   Number         0  stubs.o ABSOLUTE
    _printf_g                                0x00000000   Number         0  stubs.o ABSOLUTE
    _printf_i                                0x00000000   Number         0  stubs.o ABSOLUTE
    _printf_int_dec                          0x00000000   Number         0  stubs.o ABSOLUTE
    _printf_l                                0x00000000   Number         0  stubs.o ABSOLUTE
    _printf_lc                               0x00000000   Number         0  stubs.o ABSOLUTE
    _printf_ll                               0x00000000   Number         0  stubs.o ABSOLUTE
    _printf_lld                              0x00000000   Number         0  stubs.o ABSOLUTE
    _printf_lli                              0x00000000   Number         0  stubs.o ABSOLUTE
    _printf_llo                              0x00000000   Number         0  stubs.o ABSOLUTE
    _printf_llu                              0x00000000   Number         0  stubs.o ABSOLUTE
    _printf_llx                              0x00000000   Number         0  stubs.o ABSOLUTE
    _printf_longlong_dec                     0x00000000   Number         0  stubs.o ABSOLUTE
    _printf_longlong_hex                     0x00000000   Number         0  stubs.o ABSOLUTE
    _printf_longlong_oct                     0x00000000   Number         0  stubs.o ABSOLUTE
    _printf_ls                               0x00000000   Number         0  stubs.o ABSOLUTE
    _printf_mbtowc                           0x00000000   Number         0  stubs.o ABSOLUTE
    _printf_n                                0x00000000   Number         0  stubs.o ABSOLUTE
    _printf_o                                0x00000000   Number         0  stubs.o ABSOLUTE
    _printf_p                                0x00000000   Number         0  stubs.o ABSOLUTE
    _printf_percent                          0x00000000   Number         0  stubs.o ABSOLUTE
    _printf_pre_padding                      0x00000000   Number         0  stubs.o ABSOLUTE
    _printf_return_value                     0x00000000   Number         0  stubs.o ABSOLUTE
    _printf_s                                0x00000000   Number         0  stubs.o ABSOLUTE
    _printf_sizespec                         0x00000000   Number         0  stubs.o ABSOLUTE
    _printf_str                              0x00000000   Number         0  stubs.o ABSOLUTE
    _printf_truncate_signed                  0x00000000   Number         0  stubs.o ABSOLUTE
    _printf_truncate_unsigned                0x00000000   Number         0  stubs.o ABSOLUTE
    _printf_u                                0x00000000   Number         0  stubs.o ABSOLUTE
    _printf_wc                               0x00000000   Number         0  stubs.o ABSOLUTE
    _printf_wctomb                           0x00000000   Number         0  stubs.o ABSOLUTE
    _printf_widthprec                        0x00000000   Number         0  stubs.o ABSOLUTE
    _printf_x                                0x00000000   Number         0  stubs.o ABSOLUTE
    __arm_fini_                               - Undefined Weak Reference
    __cpp_initialize__aeabi_                  - Undefined Weak Reference
    __cxa_finalize                            - Undefined Weak Reference
    __decompress                              - Undefined Weak Reference
    _clock_init                               - Undefined Weak Reference
    _microlib_exit                            - Undefined Weak Reference
    _scanf_int                                - Undefined Weak Reference
    _scanf_longlong                           - Undefined Weak Reference
    _scanf_string                             - Undefined Weak Reference
    __Vectors_Size                           0x00000188   Number         0  startup_stm32f40_41xxx.o ABSOLUTE
    __Vectors                                0x08000000   Data           4  startup_stm32f40_41xxx.o(RESET)
    __Vectors_End                            0x08000188   Data           0  startup_stm32f40_41xxx.o(RESET)
    __main                                   0x08000189   Thumb Code     0  entry.o(.ARM.Collect$$$$00000000)
    _main_stk                                0x08000189   Thumb Code     0  entry2.o(.ARM.Collect$$$$00000001)
    _main_scatterload                        0x0800018d   Thumb Code     0  entry5.o(.ARM.Collect$$$$00000004)
    __main_after_scatterload                 0x08000191   Thumb Code     0  entry5.o(.ARM.Collect$$$$00000004)
    _main_clock                              0x08000191   Thumb Code     0  entry7b.o(.ARM.Collect$$$$00000008)
    _main_cpp_init                           0x08000191   Thumb Code     0  entry8b.o(.ARM.Collect$$$$0000000A)
    _main_init                               0x08000191   Thumb Code     0  entry9a.o(.ARM.Collect$$$$0000000B)
    __rt_lib_shutdown_fini                   0x08000199   Thumb Code     0  entry12b.o(.ARM.Collect$$$$0000000E)
    __rt_final_cpp                           0x0800019d   Thumb Code     0  entry10a.o(.ARM.Collect$$$$0000000F)
    __rt_final_exit                          0x0800019d   Thumb Code     0  entry11a.o(.ARM.Collect$$$$00000011)
    Reset_Handler                            0x080001a1   Thumb Code     8  startup_stm32f40_41xxx.o(.text)
    ADC_IRQHandler                           0x080001bb   Thumb Code     0  startup_stm32f40_41xxx.o(.text)
    CAN1_RX0_IRQHandler                      0x080001bb   Thumb Code     0  startup_stm32f40_41xxx.o(.text)
    CAN1_RX1_IRQHandler                      0x080001bb   Thumb Code     0  startup_stm32f40_41xxx.o(.text)
    CAN1_SCE_IRQHandler                      0x080001bb   Thumb Code     0  startup_stm32f40_41xxx.o(.text)
    CAN1_TX_IRQHandler                       0x080001bb   Thumb Code     0  startup_stm32f40_41xxx.o(.text)
    CAN2_RX0_IRQHandler                      0x080001bb   Thumb Code     0  startup_stm32f40_41xxx.o(.text)
    CAN2_RX1_IRQHandler                      0x080001bb   Thumb Code     0  startup_stm32f40_41xxx.o(.text)
    CAN2_SCE_IRQHandler                      0x080001bb   Thumb Code     0  startup_stm32f40_41xxx.o(.text)
    CAN2_TX_IRQHandler                       0x080001bb   Thumb Code     0  startup_stm32f40_41xxx.o(.text)
    CRYP_IRQHandler                          0x080001bb   Thumb Code     0  startup_stm32f40_41xxx.o(.text)
    DCMI_IRQHandler                          0x080001bb   Thumb Code     0  startup_stm32f40_41xxx.o(.text)
    DMA1_Stream0_IRQHandler                  0x080001bb   Thumb Code     0  startup_stm32f40_41xxx.o(.text)
    DMA1_Stream1_IRQHandler                  0x080001bb   Thumb Code     0  startup_stm32f40_41xxx.o(.text)
    DMA1_Stream2_IRQHandler                  0x080001bb   Thumb Code     0  startup_stm32f40_41xxx.o(.text)
    DMA1_Stream3_IRQHandler                  0x080001bb   Thumb Code     0  startup_stm32f40_41xxx.o(.text)
    DMA1_Stream4_IRQHandler                  0x080001bb   Thumb Code     0  startup_stm32f40_41xxx.o(.text)
    DMA1_Stream5_IRQHandler                  0x080001bb   Thumb Code     0  startup_stm32f40_41xxx.o(.text)
    DMA1_Stream6_IRQHandler                  0x080001bb   Thumb Code     0  startup_stm32f40_41xxx.o(.text)
    DMA1_Stream7_IRQHandler                  0x080001bb   Thumb Code     0  startup_stm32f40_41xxx.o(.text)
    DMA2_Stream0_IRQHandler                  0x080001bb   Thumb Code     0  startup_stm32f40_41xxx.o(.text)
    DMA2_Stream1_IRQHandler                  0x080001bb   Thumb Code     0  startup_stm32f40_41xxx.o(.text)
    DMA2_Stream2_IRQHandler                  0x080001bb   Thumb Code     0  startup_stm32f40_41xxx.o(.text)
    DMA2_Stream3_IRQHandler                  0x080001bb   Thumb Code     0  startup_stm32f40_41xxx.o(.text)
    DMA2_Stream4_IRQHandler                  0x080001bb   Thumb Code     0  startup_stm32f40_41xxx.o(.text)
    DMA2_Stream5_IRQHandler                  0x080001bb   Thumb Code     0  startup_stm32f40_41xxx.o(.text)
    DMA2_Stream6_IRQHandler                  0x080001bb   Thumb Code     0  startup_stm32f40_41xxx.o(.text)
    DMA2_Stream7_IRQHandler                  0x080001bb   Thumb Code     0  startup_stm32f40_41xxx.o(.text)
    ETH_IRQHandler                           0x080001bb   Thumb Code     0  startup_stm32f40_41xxx.o(.text)
    ETH_WKUP_IRQHandler                      0x080001bb   Thumb Code     0  startup_stm32f40_41xxx.o(.text)
    EXTI0_IRQHandler                         0x080001bb   Thumb Code     0  startup_stm32f40_41xxx.o(.text)
    EXTI15_10_IRQHandler                     0x080001bb   Thumb Code     0  startup_stm32f40_41xxx.o(.text)
    EXTI1_IRQHandler                         0x080001bb   Thumb Code     0  startup_stm32f40_41xxx.o(.text)
    EXTI2_IRQHandler                         0x080001bb   Thumb Code     0  startup_stm32f40_41xxx.o(.text)
    EXTI3_IRQHandler                         0x080001bb   Thumb Code     0  startup_stm32f40_41xxx.o(.text)
    EXTI4_IRQHandler                         0x080001bb   Thumb Code     0  startup_stm32f40_41xxx.o(.text)
    EXTI9_5_IRQHandler                       0x080001bb   Thumb Code     0  startup_stm32f40_41xxx.o(.text)
    FLASH_IRQHandler                         0x080001bb   Thumb Code     0  startup_stm32f40_41xxx.o(.text)
    FPU_IRQHandler                           0x080001bb   Thumb Code     0  startup_stm32f40_41xxx.o(.text)
    FSMC_IRQHandler                          0x080001bb   Thumb Code     0  startup_stm32f40_41xxx.o(.text)
    HASH_RNG_IRQHandler                      0x080001bb   Thumb Code     0  startup_stm32f40_41xxx.o(.text)
    I2C1_ER_IRQHandler                       0x080001bb   Thumb Code     0  startup_stm32f40_41xxx.o(.text)
    I2C1_EV_IRQHandler                       0x080001bb   Thumb Code     0  startup_stm32f40_41xxx.o(.text)
    I2C2_ER_IRQHandler                       0x080001bb   Thumb Code     0  startup_stm32f40_41xxx.o(.text)
    I2C2_EV_IRQHandler                       0x080001bb   Thumb Code     0  startup_stm32f40_41xxx.o(.text)
    I2C3_ER_IRQHandler                       0x080001bb   Thumb Code     0  startup_stm32f40_41xxx.o(.text)
    I2C3_EV_IRQHandler                       0x080001bb   Thumb Code     0  startup_stm32f40_41xxx.o(.text)
    OTG_FS_IRQHandler                        0x080001bb   Thumb Code     0  startup_stm32f40_41xxx.o(.text)
    OTG_FS_WKUP_IRQHandler                   0x080001bb   Thumb Code     0  startup_stm32f40_41xxx.o(.text)
    OTG_HS_EP1_IN_IRQHandler                 0x080001bb   Thumb Code     0  startup_stm32f40_41xxx.o(.text)
    OTG_HS_EP1_OUT_IRQHandler                0x080001bb   Thumb Code     0  startup_stm32f40_41xxx.o(.text)
    OTG_HS_IRQHandler                        0x080001bb   Thumb Code     0  startup_stm32f40_41xxx.o(.text)
    OTG_HS_WKUP_IRQHandler                   0x080001bb   Thumb Code     0  startup_stm32f40_41xxx.o(.text)
    PVD_IRQHandler                           0x080001bb   Thumb Code     0  startup_stm32f40_41xxx.o(.text)
    RCC_IRQHandler                           0x080001bb   Thumb Code     0  startup_stm32f40_41xxx.o(.text)
    SDIO_IRQHandler                          0x080001bb   Thumb Code     0  startup_stm32f40_41xxx.o(.text)
    SPI1_IRQHandler                          0x080001bb   Thumb Code     0  startup_stm32f40_41xxx.o(.text)
    SPI2_IRQHandler                          0x080001bb   Thumb Code     0  startup_stm32f40_41xxx.o(.text)
    SPI3_IRQHandler                          0x080001bb   Thumb Code     0  startup_stm32f40_41xxx.o(.text)
    TAMP_STAMP_IRQHandler                    0x080001bb   Thumb Code     0  startup_stm32f40_41xxx.o(.text)
    TIM1_BRK_TIM9_IRQHandler                 0x080001bb   Thumb Code     0  startup_stm32f40_41xxx.o(.text)
    TIM1_CC_IRQHandler                       0x080001bb   Thumb Code     0  startup_stm32f40_41xxx.o(.text)
    TIM1_TRG_COM_TIM11_IRQHandler            0x080001bb   Thumb Code     0  startup_stm32f40_41xxx.o(.text)
    TIM1_UP_TIM10_IRQHandler                 0x080001bb   Thumb Code     0  startup_stm32f40_41xxx.o(.text)
    TIM2_IRQHandler                          0x080001bb   Thumb Code     0  startup_stm32f40_41xxx.o(.text)
    TIM3_IRQHandler                          0x080001bb   Thumb Code     0  startup_stm32f40_41xxx.o(.text)
    TIM4_IRQHandler                          0x080001bb   Thumb Code     0  startup_stm32f40_41xxx.o(.text)
    TIM5_IRQHandler                          0x080001bb   Thumb Code     0  startup_stm32f40_41xxx.o(.text)
    TIM6_DAC_IRQHandler                      0x080001bb   Thumb Code     0  startup_stm32f40_41xxx.o(.text)
    TIM8_BRK_TIM12_IRQHandler                0x080001bb   Thumb Code     0  startup_stm32f40_41xxx.o(.text)
    TIM8_CC_IRQHandler                       0x080001bb   Thumb Code     0  startup_stm32f40_41xxx.o(.text)
    TIM8_TRG_COM_TIM14_IRQHandler            0x080001bb   Thumb Code     0  startup_stm32f40_41xxx.o(.text)
    TIM8_UP_TIM13_IRQHandler                 0x080001bb   Thumb Code     0  startup_stm32f40_41xxx.o(.text)
    UART4_IRQHandler                         0x080001bb   Thumb Code     0  startup_stm32f40_41xxx.o(.text)
    UART5_IRQHandler                         0x080001bb   Thumb Code     0  startup_stm32f40_41xxx.o(.text)
    USART2_IRQHandler                        0x080001bb   Thumb Code     0  startup_stm32f40_41xxx.o(.text)
    USART6_IRQHandler                        0x080001bb   Thumb Code     0  startup_stm32f40_41xxx.o(.text)
    WWDG_IRQHandler                          0x080001bb   Thumb Code     0  startup_stm32f40_41xxx.o(.text)
    __aeabi_ldivmod                          0x080001c5   Thumb Code    98  ldiv.o(.text)
    tolower                                  0x08000227   Thumb Code    12  tolower.o(.text)
    __aeabi_memcpy                           0x08000233   Thumb Code    36  memcpya.o(.text)
    __aeabi_memcpy4                          0x08000233   Thumb Code     0  memcpya.o(.text)
    __aeabi_memcpy8                          0x08000233   Thumb Code     0  memcpya.o(.text)
    __aeabi_memset                           0x08000257   Thumb Code    14  memseta.o(.text)
    __aeabi_memset4                          0x08000257   Thumb Code     0  memseta.o(.text)
    __aeabi_memset8                          0x08000257   Thumb Code     0  memseta.o(.text)
    __aeabi_memclr                           0x08000265   Thumb Code     4  memseta.o(.text)
    __aeabi_memclr4                          0x08000265   Thumb Code     0  memseta.o(.text)
    __aeabi_memclr8                          0x08000265   Thumb Code     0  memseta.o(.text)
    _memset$wrapper                          0x08000269   Thumb Code    18  memseta.o(.text)
    strstr                                   0x0800027b   Thumb Code    36  strstr.o(.text)
    strlen                                   0x0800029f   Thumb Code    14  strlen.o(.text)
    strcmp                                   0x080002ad   Thumb Code    28  strcmp.o(.text)
    strncmp                                  0x080002c9   Thumb Code    30  strncmp.o(.text)
    _scanf_real                              0x08000411   Thumb Code     0  scanf_fp.o(.text)
    _scanf_really_real                       0x08000411   Thumb Code   556  scanf_fp.o(.text)
    atoll                                    0x08000649   Thumb Code    26  atoll.o(.text)
    __aeabi_dadd                             0x08000663   Thumb Code   322  dadd.o(.text)
    __aeabi_dsub                             0x080007a5   Thumb Code     6  dadd.o(.text)
    __aeabi_drsub                            0x080007ab   Thumb Code     6  dadd.o(.text)
    __aeabi_dmul                             0x080007b1   Thumb Code   228  dmul.o(.text)
    __aeabi_i2d                              0x08000895   Thumb Code    34  dflti.o(.text)
    __aeabi_ui2d                             0x080008b7   Thumb Code    26  dfltui.o(.text)
    __aeabi_d2iz                             0x080008d1   Thumb Code    62  dfixi.o(.text)
    __aeabi_d2uiz                            0x0800090f   Thumb Code    50  dfixui.o(.text)
    __aeabi_f2d                              0x08000941   Thumb Code    38  f2d.o(.text)
    __aeabi_cdcmpeq                          0x08000969   Thumb Code     0  cdcmple.o(.text)
    __aeabi_cdcmple                          0x08000969   Thumb Code    48  cdcmple.o(.text)
    __aeabi_cdrcmple                         0x08000999   Thumb Code    48  cdrcmple.o(.text)
    __aeabi_uidiv                            0x080009c9   Thumb Code     0  uidiv.o(.text)
    __aeabi_uidivmod                         0x080009c9   Thumb Code    44  uidiv.o(.text)
    __aeabi_uldivmod                         0x080009f5   Thumb Code    98  uldiv.o(.text)
    __aeabi_llsl                             0x08000a57   Thumb Code    30  llshl.o(.text)
    _ll_shift_l                              0x08000a57   Thumb Code     0  llshl.o(.text)
    __aeabi_llsr                             0x08000a75   Thumb Code    32  llushr.o(.text)
    _ll_ushift_r                             0x08000a75   Thumb Code     0  llushr.o(.text)
    __aeabi_lasr                             0x08000a95   Thumb Code    36  llsshr.o(.text)
    _ll_sshift_r                             0x08000a95   Thumb Code     0  llsshr.o(.text)
    _sgetc                                   0x08000ab9   Thumb Code    30  _sgetc.o(.text)
    _sbackspace                              0x08000ad7   Thumb Code    34  _sgetc.o(.text)
    __strtod_int                             0x08000b2f   Thumb Code    90  strtod.o(.text)
    __strtoll                                0x08000b95   Thumb Code   144  __strtoll.o(.text)
    __I$use$fp                               0x08000c25   Thumb Code     0  iusefp.o(.text)
    _double_round                            0x08000c25   Thumb Code    30  depilogue.o(.text)
    _double_epilogue                         0x08000c43   Thumb Code   156  depilogue.o(.text)
    __aeabi_ddiv                             0x08000cdf   Thumb Code   222  ddiv.o(.text)
    __aeabi_ul2d                             0x08000dbd   Thumb Code    24  dfltul.o(.text)
    __aeabi_d2ulz                            0x08000dd5   Thumb Code    48  dfixul.o(.text)
    __aeabi_d2f                              0x08000e05   Thumb Code    56  d2f.o(.text)
    __scatterload                            0x08000e3d   Thumb Code    28  init.o(.text)
    __scatterload_rt2                        0x08000e3d   Thumb Code     0  init.o(.text)
    __rt_ctype_table                         0x08000e61   Thumb Code     4  ctype_o.o(.text)
    isspace                                  0x08000e69   Thumb Code    18  isspace_o.o(.text)
    _strtoull                                0x08000e7b   Thumb Code   194  _strtoull.o(.text)
    _float_round                             0x08000f3d   Thumb Code    18  fepilogue.o(.text)
    _float_epilogue                          0x08000f4f   Thumb Code    92  fepilogue.o(.text)
    _chval                                   0x08000fab   Thumb Code    28  _chval.o(.text)
    BusFault_Handler                         0x08000fc7   Thumb Code     4  stm32f4xx_it.o(i.BusFault_Handler)
    DebugMon_Handler                         0x08000fcb   Thumb Code     2  stm32f4xx_it.o(i.DebugMon_Handler)
    EXTI_ClearITPendingBit                   0x08000fcd   Thumb Code     6  stm32f4xx_exti.o(i.EXTI_ClearITPendingBit)
    FSMC_NORSRAMCmd                          0x08000fd9   Thumb Code    46  stm32f4xx_fsmc.o(i.FSMC_NORSRAMCmd)
    FSMC_NORSRAMInit                         0x0800100d   Thumb Code   230  stm32f4xx_fsmc.o(i.FSMC_NORSRAMInit)
    GPIO_Init                                0x080010f3   Thumb Code   144  stm32f4xx_gpio.o(i.GPIO_Init)
    GPIO_PinAFConfig                         0x08001183   Thumb Code    70  stm32f4xx_gpio.o(i.GPIO_PinAFConfig)
    GPIO_ReadInputDataBit                    0x080011c9   Thumb Code    18  stm32f4xx_gpio.o(i.GPIO_ReadInputDataBit)
    GPIO_SetBits                             0x080011db   Thumb Code     4  stm32f4xx_gpio.o(i.GPIO_SetBits)
    HardFault_Handler                        0x080011df   Thumb Code     4  stm32f4xx_it.o(i.HardFault_Handler)
    KEY_Init                                 0x080011e5   Thumb Code    60  key.o(i.KEY_Init)
    KEY_Scan                                 0x08001229   Thumb Code   188  key.o(i.KEY_Scan)
    LCD_Clear                                0x080012f1   Thumb Code   100  lcd.o(i.LCD_Clear)
    LCD_Display_Dir                          0x0800135d   Thumb Code    88  lcd.o(i.LCD_Display_Dir)
    LCD_DrawPoint                            0x080013b9   Thumb Code    26  lcd.o(i.LCD_DrawPoint)
    LCD_Draw_Circle                          0x080013d9   Thumb Code   170  lcd.o(i.LCD_Draw_Circle)
    LCD_Fast_DrawPoint                       0x08001485   Thumb Code   374  lcd.o(i.LCD_Fast_DrawPoint)
    LCD_Fill                                 0x08001605   Thumb Code   180  lcd.o(i.LCD_Fill)
    LCD_Init                                 0x080016bd   Thumb Code  4720  lcd.o(i.LCD_Init)
    LCD_Pow                                  0x08002931   Thumb Code    22  lcd.o(i.LCD_Pow)
    LCD_RD_DATA                              0x08002949   Thumb Code    14  lcd.o(i.LCD_RD_DATA)
    LCD_Scan_Dir                             0x0800295d   Thumb Code   688  lcd.o(i.LCD_Scan_Dir)
    LCD_SetCursor                            0x08002c11   Thumb Code   418  lcd.o(i.LCD_SetCursor)
    LCD_ShowChar                             0x08002db9   Thumb Code   268  lcd.o(i.LCD_ShowChar)
    LCD_ShowNum                              0x08002ed5   Thumb Code   154  lcd.o(i.LCD_ShowNum)
    LCD_WR_DATA                              0x08002f71   Thumb Code    18  lcd.o(i.LCD_WR_DATA)
    LCD_WR_REG                               0x08002f89   Thumb Code    18  lcd.o(i.LCD_WR_REG)
    LCD_WriteRAM_Prepare                     0x08002fa1   Thumb Code    10  lcd.o(i.LCD_WriteRAM_Prepare)
    LCD_WriteReg                             0x08002fb5   Thumb Code    14  lcd.o(i.LCD_WriteReg)
    LED_Init                                 0x08002fc9   Thumb Code    60  led.o(i.LED_Init)
    MemManage_Handler                        0x08003009   Thumb Code     4  stm32f4xx_it.o(i.MemManage_Handler)
    My_RTC_Init                              0x0800300d   Thumb Code   138  rtc.o(i.My_RTC_Init)
    Mylocaltime                              0x08003099   Thumb Code   186  parsejson.o(i.Mylocaltime)
    NMI_Handler                              0x08003159   Thumb Code     2  stm32f4xx_it.o(i.NMI_Handler)
    NVIC_Init                                0x0800315d   Thumb Code   106  misc.o(i.NVIC_Init)
    NVIC_PriorityGroupConfig                 0x080031d5   Thumb Code    10  misc.o(i.NVIC_PriorityGroupConfig)
    PWR_BackupAccessCmd                      0x080031e9   Thumb Code     6  stm32f4xx_pwr.o(i.PWR_BackupAccessCmd)
    PendSV_Handler                           0x080031f5   Thumb Code     2  stm32f4xx_it.o(i.PendSV_Handler)
    RCC_AHB1PeriphClockCmd                   0x080031f9   Thumb Code    26  stm32f4xx_rcc.o(i.RCC_AHB1PeriphClockCmd)
    RCC_AHB3PeriphClockCmd                   0x08003219   Thumb Code    26  stm32f4xx_rcc.o(i.RCC_AHB3PeriphClockCmd)
    RCC_APB1PeriphClockCmd                   0x08003239   Thumb Code    26  stm32f4xx_rcc.o(i.RCC_APB1PeriphClockCmd)
    RCC_APB1PeriphResetCmd                   0x08003259   Thumb Code    26  stm32f4xx_rcc.o(i.RCC_APB1PeriphResetCmd)
    RCC_APB2PeriphClockCmd                   0x08003279   Thumb Code    26  stm32f4xx_rcc.o(i.RCC_APB2PeriphClockCmd)
    RCC_APB2PeriphResetCmd                   0x08003299   Thumb Code    26  stm32f4xx_rcc.o(i.RCC_APB2PeriphResetCmd)
    RCC_GetClocksFreq                        0x080032b9   Thumb Code   214  stm32f4xx_rcc.o(i.RCC_GetClocksFreq)
    RCC_GetFlagStatus                        0x080033a1   Thumb Code    60  stm32f4xx_rcc.o(i.RCC_GetFlagStatus)
    RCC_LSEConfig                            0x080033e1   Thumb Code    40  stm32f4xx_rcc.o(i.RCC_LSEConfig)
    RCC_RTCCLKCmd                            0x0800340d   Thumb Code     6  stm32f4xx_rcc.o(i.RCC_RTCCLKCmd)
    RCC_RTCCLKConfig                         0x08003419   Thumb Code    50  stm32f4xx_rcc.o(i.RCC_RTCCLKConfig)
    RTC_Alarm_IRQHandler                     0x08003455   Thumb Code    36  rtc.o(i.RTC_Alarm_IRQHandler)
    RTC_ClearFlag                            0x080034b9   Thumb Code    24  stm32f4xx_rtc.o(i.RTC_ClearFlag)
    RTC_EnterInitMode                        0x080034d5   Thumb Code    76  stm32f4xx_rtc.o(i.RTC_EnterInitMode)
    RTC_ExitInitMode                         0x08003525   Thumb Code    14  stm32f4xx_rtc.o(i.RTC_ExitInitMode)
    RTC_GetFlagStatus                        0x08003539   Thumb Code    32  stm32f4xx_rtc.o(i.RTC_GetFlagStatus)
    RTC_GetTime                              0x08003561   Thumb Code    72  stm32f4xx_rtc.o(i.RTC_GetTime)
    RTC_Get_Time                             0x080035b1   Thumb Code    44  rtc.o(i.RTC_Get_Time)
    RTC_Init                                 0x080035dd   Thumb Code    94  stm32f4xx_rtc.o(i.RTC_Init)
    RTC_ReadBackupRegister                   0x08003641   Thumb Code    26  stm32f4xx_rtc.o(i.RTC_ReadBackupRegister)
    RTC_SetDate                              0x08003661   Thumb Code   190  stm32f4xx_rtc.o(i.RTC_SetDate)
    RTC_SetTime                              0x08003729   Thumb Code   198  stm32f4xx_rtc.o(i.RTC_SetTime)
    RTC_Set_Date                             0x080037f9   Thumb Code    36  rtc.o(i.RTC_Set_Date)
    RTC_Set_Time                             0x0800381d   Thumb Code    36  rtc.o(i.RTC_Set_Time)
    RTC_WKUP_IRQHandler                      0x08003841   Thumb Code    46  rtc.o(i.RTC_WKUP_IRQHandler)
    RTC_WaitForSynchro                       0x08003875   Thumb Code    92  stm32f4xx_rtc.o(i.RTC_WaitForSynchro)
    RTC_WriteBackupRegister                  0x080038d5   Thumb Code    24  stm32f4xx_rtc.o(i.RTC_WriteBackupRegister)
    SVC_Handler                              0x080038f1   Thumb Code     2  stm32f4xx_it.o(i.SVC_Handler)
    SysTick_CLKSourceConfig                  0x080039e1   Thumb Code    40  misc.o(i.SysTick_CLKSourceConfig)
    SysTick_Handler                          0x08003a09   Thumb Code     2  stm32f4xx_it.o(i.SysTick_Handler)
    SystemInit                               0x08003a0d   Thumb Code    88  system_stm32f4xx.o(i.SystemInit)
    TIM7_IRQHandler                          0x08003a75   Thumb Code    42  timer.o(i.TIM7_IRQHandler)
    TIM7_Int_Init                            0x08003aa9   Thumb Code    78  timer.o(i.TIM7_Int_Init)
    TIM_ClearITPendingBit                    0x08003afd   Thumb Code     6  stm32f4xx_tim.o(i.TIM_ClearITPendingBit)
    TIM_Cmd                                  0x08003b03   Thumb Code    24  stm32f4xx_tim.o(i.TIM_Cmd)
    TIM_GetITStatus                          0x08003b1b   Thumb Code    34  stm32f4xx_tim.o(i.TIM_GetITStatus)
    TIM_ITConfig                             0x08003b3d   Thumb Code    18  stm32f4xx_tim.o(i.TIM_ITConfig)
    TIM_SetCounter                           0x08003b4f   Thumb Code     4  stm32f4xx_tim.o(i.TIM_SetCounter)
    TIM_TimeBaseInit                         0x08003b55   Thumb Code   104  stm32f4xx_tim.o(i.TIM_TimeBaseInit)
    USART1_IRQHandler                        0x08003bd9   Thumb Code   122  usart.o(i.USART1_IRQHandler)
    USART3_IRQHandler                        0x08003c61   Thumb Code    96  usart3.o(i.USART3_IRQHandler)
    USART_ClearFlag                          0x08003cd1   Thumb Code    18  stm32f4xx_usart.o(i.USART_ClearFlag)
    USART_Cmd                                0x08003ce3   Thumb Code    24  stm32f4xx_usart.o(i.USART_Cmd)
    USART_DeInit                             0x08003cfd   Thumb Code   206  stm32f4xx_usart.o(i.USART_DeInit)
    USART_GetFlagStatus                      0x08003ded   Thumb Code    26  stm32f4xx_usart.o(i.USART_GetFlagStatus)
    USART_GetITStatus                        0x08003e07   Thumb Code    84  stm32f4xx_usart.o(i.USART_GetITStatus)
    USART_ITConfig                           0x08003e5b   Thumb Code    74  stm32f4xx_usart.o(i.USART_ITConfig)
    USART_Init                               0x08003ea5   Thumb Code   204  stm32f4xx_usart.o(i.USART_Init)
    USART_ReceiveData                        0x08003f79   Thumb Code    10  stm32f4xx_usart.o(i.USART_ReceiveData)
    USART_SendData                           0x08003f83   Thumb Code     8  stm32f4xx_usart.o(i.USART_SendData)
    UsageFault_Handler                       0x08003f8b   Thumb Code     4  stm32f4xx_it.o(i.UsageFault_Handler)
    __0printf                                0x08003f91   Thumb Code    22  printfa.o(i.__0printf)
    __1printf                                0x08003f91   Thumb Code     0  printfa.o(i.__0printf)
    __2printf                                0x08003f91   Thumb Code     0  printfa.o(i.__0printf)
    __c89printf                              0x08003f91   Thumb Code     0  printfa.o(i.__0printf)
    printf                                   0x08003f91   Thumb Code     0  printfa.o(i.__0printf)
    __0sprintf                               0x08003fb1   Thumb Code    34  printfa.o(i.__0sprintf)
    __1sprintf                               0x08003fb1   Thumb Code     0  printfa.o(i.__0sprintf)
    __2sprintf                               0x08003fb1   Thumb Code     0  printfa.o(i.__0sprintf)
    __c89sprintf                             0x08003fb1   Thumb Code     0  printfa.o(i.__0sprintf)
    sprintf                                  0x08003fb1   Thumb Code     0  printfa.o(i.__0sprintf)
    __0vsprintf                              0x08003fd9   Thumb Code    30  printfa.o(i.__0vsprintf)
    __1vsprintf                              0x08003fd9   Thumb Code     0  printfa.o(i.__0vsprintf)
    __2vsprintf                              0x08003fd9   Thumb Code     0  printfa.o(i.__0vsprintf)
    __c89vsprintf                            0x08003fd9   Thumb Code     0  printfa.o(i.__0vsprintf)
    vsprintf                                 0x08003fd9   Thumb Code     0  printfa.o(i.__0vsprintf)
    __ARM_fpclassify                         0x08003ffd   Thumb Code    48  fpclassify.o(i.__ARM_fpclassify)
    __aeabi_errno_addr                       0x0800402d   Thumb Code     4  errno.o(i.__aeabi_errno_addr)
    __rt_errno_addr                          0x0800402d   Thumb Code     0  errno.o(i.__aeabi_errno_addr)
    free                                     0x08004035   Thumb Code    88  mallocr.o(i.__free$realloc)
    __hardfp_cos                             0x08004091   Thumb Code   180  cos.o(i.__hardfp_cos)
    __hardfp_sin                             0x08004159   Thumb Code   180  sin.o(i.__hardfp_sin)
    __hardfp_strtod                          0x08004221   Thumb Code    30  strtod.o(i.__hardfp_strtod)
    __ieee754_rem_pio2                       0x08004249   Thumb Code   938  rred.o(i.__ieee754_rem_pio2)
    __kernel_cos                             0x08004681   Thumb Code   322  cos_i.o(i.__kernel_cos)
    __kernel_poly                            0x080047f1   Thumb Code   248  poly.o(i.__kernel_poly)
    __kernel_sin                             0x080048e9   Thumb Code   280  sin_i.o(i.__kernel_sin)
    malloc                                   0x08004a19   Thumb Code    64  mallocr.o(i.__malloc$realloc)
    __mathlib_dbl_infnan                     0x08004a69   Thumb Code    20  dunder.o(i.__mathlib_dbl_infnan)
    __mathlib_dbl_invalid                    0x08004a81   Thumb Code    24  dunder.o(i.__mathlib_dbl_invalid)
    __mathlib_dbl_underflow                  0x08004aa1   Thumb Code    24  dunder.o(i.__mathlib_dbl_underflow)
    __scatterload_copy                       0x08004ac1   Thumb Code    14  handlers.o(i.__scatterload_copy)
    __scatterload_null                       0x08004acf   Thumb Code     2  handlers.o(i.__scatterload_null)
    __scatterload_zeroinit                   0x08004ad1   Thumb Code    14  handlers.o(i.__scatterload_zeroinit)
    __set_errno                              0x08004ae1   Thumb Code     6  errno.o(i.__set_errno)
    _is_digit                                0x08004c71   Thumb Code    14  scanf_fp.o(i._is_digit)
    atk_8266_check_cmd                       0x08005391   Thumb Code    44  wifista.o(i.atk_8266_check_cmd)
    atk_8266_quit_trans                      0x080053c5   Thumb Code   100  wifista.o(i.atk_8266_quit_trans)
    atk_8266_send_cmd                        0x08005435   Thumb Code    94  wifista.o(i.atk_8266_send_cmd)
    atk_8266_wifista_config                  0x080054ad   Thumb Code   190  wifista.o(i.atk_8266_wifista_config)
    cJSON_Delete                             0x0800561d   Thumb Code    84  cjson.o(i.cJSON_Delete)
    cJSON_GetErrorPtr                        0x08005675   Thumb Code    12  cjson.o(i.cJSON_GetErrorPtr)
    cJSON_GetObjectItem                      0x08005685   Thumb Code    18  cjson.o(i.cJSON_GetObjectItem)
    cJSON_Parse                              0x080056b1   Thumb Code    16  cjson.o(i.cJSON_Parse)
    cJSON_ParseWithLengthOpts                0x080056c1   Thumb Code   204  cjson.o(i.cJSON_ParseWithLengthOpts)
    cJSON_ParseWithOpts                      0x08005795   Thumb Code    40  cjson.o(i.cJSON_ParseWithOpts)
    calendar_circle_clock_drawpanel          0x080057bd   Thumb Code  1956  calendar.o(i.calendar_circle_clock_drawpanel)
    calendar_circle_clock_showtime           0x08005f69   Thumb Code  3936  calendar.o(i.calendar_circle_clock_showtime)
    calendar_get_time                        0x08006ed5   Thumb Code    18  calendar.o(i.calendar_get_time)
    calendar_play                            0x08006ee9   Thumb Code   406  calendar.o(i.calendar_play)
    delay_init                               0x080070d5   Thumb Code    52  delay.o(i.delay_init)
    delay_ms                                 0x08007111   Thumb Code    56  delay.o(i.delay_ms)
    delay_us                                 0x08007149   Thumb Code    72  delay.o(i.delay_us)
    delay_xms                                0x08007195   Thumb Code    72  delay.o(i.delay_xms)
    fabs                                     0x080071e1   Thumb Code    24  fabs.o(i.fabs)
    fputc                                    0x080071f9   Thumb Code    22  usart.o(i.fputc)
    get_beijing_time                         0x08007215   Thumb Code   176  time.o(i.get_beijing_time)
    gui_draw_bline1                          0x0800739b   Thumb Code   358  lcd.o(i.gui_draw_bline1)
    main                                     0x08007551   Thumb Code   122  main.o(i.main)
    my_mem_free                              0x080075e9   Thumb Code    96  malloc.o(i.my_mem_free)
    my_mem_init                              0x08007655   Thumb Code    54  malloc.o(i.my_mem_init)
    my_mem_malloc                            0x08007699   Thumb Code   156  malloc.o(i.my_mem_malloc)
    my_mem_perused                           0x08007741   Thumb Code    54  malloc.o(i.my_mem_perused)
    myfree                                   0x08007781   Thumb Code    30  malloc.o(i.myfree)
    mymalloc                                 0x080077a5   Thumb Code    34  malloc.o(i.mymalloc)
    mymemset                                 0x080077cd   Thumb Code    20  malloc.o(i.mymemset)
    parse_now_time                           0x08007935   Thumb Code   198  parsejson.o(i.parse_now_time)
    realloc                                  0x08007f8d   Thumb Code   102  mallocr.o(i.realloc)
    u3_printf                                0x08008035   Thumb Code    72  usart3.o(i.u3_printf)
    uart_init                                0x08008085   Thumb Code   172  usart.o(i.uart_init)
    usart3_init                              0x08008139   Thumb Code   198  usart3.o(i.usart3_init)
    asc2_1206                                0x0800833c   Data        1140  lcd.o(.constdata)
    asc2_1608                                0x080087b0   Data        1520  lcd.o(.constdata)
    asc2_2412                                0x08008da0   Data        3420  lcd.o(.constdata)
    memtblsize                               0x08009afc   Data          12  malloc.o(.constdata)
    memblksize                               0x08009b08   Data          12  malloc.o(.constdata)
    memsize                                  0x08009b14   Data          12  malloc.o(.constdata)
    Days                                     0x08009b20   Data          12  parsejson.o(.constdata)
    __ctype_table                            0x08009c50   Data         129  ctype_o.o(.constdata)
    Region$$Table$$Base                      0x08009d70   Number         0  anon$$obj.o(Region$$Table)
    Region$$Table$$Limit                     0x08009d90   Number         0  anon$$obj.o(Region$$Table)
    mem3base                                 0x10000000   Data       61440  malloc.o(.ARM.__AT_0x10000000)
    mem3mapbase                              0x1000f000   Data        3840  malloc.o(.ARM.__AT_0x1000F000)
    __stdout                                 0x20000004   Data           4  usart.o(.data)
    USART_RX_STA                             0x20000008   Data           2  usart.o(.data)
    USART3_RX_STA                            0x2000000c   Data           2  usart3.o(.data)
    mallco_dev                               0x20000028   Data          36  malloc.o(.data)
    wifista_ssid                             0x2000004c   Data           4  wifista.o(.data)
    wifista_encryption                       0x20000050   Data           4  wifista.o(.data)
    wifista_password                         0x20000054   Data           4  wifista.o(.data)
    ATK_ESP8266_ECN_TBL                      0x20000058   Data          20  wifista.o(.data)
    __microlib_freelist                      0x20000080   Data           4  mvars.o(.data)
    __microlib_freelist_initialised          0x20000084   Data           4  mvars.o(.data)
    USART_RX_BUF                             0x2000008c   Data         200  usart.o(.bss)
    lcddev                                   0x20000154   Data          14  lcd.o(.bss)
    USART3_TX_BUF                            0x20000168   Data         400  usart3.o(.bss)
    USART3_RX_BUF                            0x200002f8   Data         400  usart3.o(.bss)
    mem1base                                 0x200004a0   Data       102400  malloc.o(.bss)
    mem1mapbase                              0x200194a0   Data        6400  malloc.o(.bss)
    __heap_base                              0x2001ada0   Data           0  startup_stm32f40_41xxx.o(HEAP)
    __heap_limit                             0x2001afa0   Data           0  startup_stm32f40_41xxx.o(HEAP)
    __initial_sp                             0x2001b3a0   Data           0  startup_stm32f40_41xxx.o(STACK)
    mem2base                                 0x68000000   Data       983040  malloc.o(.ARM.__AT_0x68000000)
    mem2mapbase                              0x680f0000   Data       61440  malloc.o(.ARM.__AT_0x680F0000)



==============================================================================

Memory Map of the image

  Image Entry point : 0x08000189

  Load Region LR_IROM1 (Base: 0x08000000, Size: 0x00009e1c, Max: 0x00100000, ABSOLUTE)

    Execution Region ER_IROM1 (Exec base: 0x08000000, Load base: 0x08000000, Size: 0x00009d90, Max: 0x00100000, ABSOLUTE)

    Exec Addr    Load Addr    Size         Type   Attr      Idx    E Section Name        Object

    0x08000000   0x08000000   0x00000188   Data   RO          331    RESET               startup_stm32f40_41xxx.o
    0x08000188   0x08000188   0x00000000   Code   RO         4204  * .ARM.Collect$$$$00000000  mc_w.l(entry.o)
    0x08000188   0x08000188   0x00000004   Code   RO         4570    .ARM.Collect$$$$00000001  mc_w.l(entry2.o)
    0x0800018c   0x0800018c   0x00000004   Code   RO         4573    .ARM.Collect$$$$00000004  mc_w.l(entry5.o)
    0x08000190   0x08000190   0x00000000   Code   RO         4575    .ARM.Collect$$$$00000008  mc_w.l(entry7b.o)
    0x08000190   0x08000190   0x00000000   Code   RO         4577    .ARM.Collect$$$$0000000A  mc_w.l(entry8b.o)
    0x08000190   0x08000190   0x00000008   Code   RO         4578    .ARM.Collect$$$$0000000B  mc_w.l(entry9a.o)
    0x08000198   0x08000198   0x00000004   Code   RO         4585    .ARM.Collect$$$$0000000E  mc_w.l(entry12b.o)
    0x0800019c   0x0800019c   0x00000000   Code   RO         4580    .ARM.Collect$$$$0000000F  mc_w.l(entry10a.o)
    0x0800019c   0x0800019c   0x00000000   Code   RO         4582    .ARM.Collect$$$$00000011  mc_w.l(entry11a.o)
    0x0800019c   0x0800019c   0x00000004   Code   RO         4571    .ARM.Collect$$$$00002712  mc_w.l(entry2.o)
    0x080001a0   0x080001a0   0x00000024   Code   RO          332    .text               startup_stm32f40_41xxx.o
    0x080001c4   0x080001c4   0x00000062   Code   RO         4207    .text               mc_w.l(ldiv.o)
    0x08000226   0x08000226   0x0000000c   Code   RO         4209    .text               mc_w.l(tolower.o)
    0x08000232   0x08000232   0x00000024   Code   RO         4211    .text               mc_w.l(memcpya.o)
    0x08000256   0x08000256   0x00000024   Code   RO         4213    .text               mc_w.l(memseta.o)
    0x0800027a   0x0800027a   0x00000024   Code   RO         4215    .text               mc_w.l(strstr.o)
    0x0800029e   0x0800029e   0x0000000e   Code   RO         4217    .text               mc_w.l(strlen.o)
    0x080002ac   0x080002ac   0x0000001c   Code   RO         4219    .text               mc_w.l(strcmp.o)
    0x080002c8   0x080002c8   0x0000001e   Code   RO         4223    .text               mc_w.l(strncmp.o)
    0x080002e6   0x080002e6   0x00000002   PAD
    0x080002e8   0x080002e8   0x00000360   Code   RO         4518    .text               mc_w.l(scanf_fp.o)
    0x08000648   0x08000648   0x0000001a   Code   RO         4522    .text               mc_w.l(atoll.o)
    0x08000662   0x08000662   0x0000014e   Code   RO         4524    .text               mf_w.l(dadd.o)
    0x080007b0   0x080007b0   0x000000e4   Code   RO         4526    .text               mf_w.l(dmul.o)
    0x08000894   0x08000894   0x00000022   Code   RO         4528    .text               mf_w.l(dflti.o)
    0x080008b6   0x080008b6   0x0000001a   Code   RO         4530    .text               mf_w.l(dfltui.o)
    0x080008d0   0x080008d0   0x0000003e   Code   RO         4532    .text               mf_w.l(dfixi.o)
    0x0800090e   0x0800090e   0x00000032   Code   RO         4534    .text               mf_w.l(dfixui.o)
    0x08000940   0x08000940   0x00000026   Code   RO         4536    .text               mf_w.l(f2d.o)
    0x08000966   0x08000966   0x00000002   PAD
    0x08000968   0x08000968   0x00000030   Code   RO         4538    .text               mf_w.l(cdcmple.o)
    0x08000998   0x08000998   0x00000030   Code   RO         4540    .text               mf_w.l(cdrcmple.o)
    0x080009c8   0x080009c8   0x0000002c   Code   RO         4586    .text               mc_w.l(uidiv.o)
    0x080009f4   0x080009f4   0x00000062   Code   RO         4588    .text               mc_w.l(uldiv.o)
    0x08000a56   0x08000a56   0x0000001e   Code   RO         4590    .text               mc_w.l(llshl.o)
    0x08000a74   0x08000a74   0x00000020   Code   RO         4592    .text               mc_w.l(llushr.o)
    0x08000a94   0x08000a94   0x00000024   Code   RO         4594    .text               mc_w.l(llsshr.o)
    0x08000ab8   0x08000ab8   0x00000040   Code   RO         4607    .text               mc_w.l(_sgetc.o)
    0x08000af8   0x08000af8   0x0000009c   Code   RO         4609    .text               mc_w.l(strtod.o)
    0x08000b94   0x08000b94   0x00000090   Code   RO         4611    .text               mc_w.l(__strtoll.o)
    0x08000c24   0x08000c24   0x00000000   Code   RO         4613    .text               mc_w.l(iusefp.o)
    0x08000c24   0x08000c24   0x000000ba   Code   RO         4614    .text               mf_w.l(depilogue.o)
    0x08000cde   0x08000cde   0x000000de   Code   RO         4616    .text               mf_w.l(ddiv.o)
    0x08000dbc   0x08000dbc   0x00000018   Code   RO         4620    .text               mf_w.l(dfltul.o)
    0x08000dd4   0x08000dd4   0x00000030   Code   RO         4622    .text               mf_w.l(dfixul.o)
    0x08000e04   0x08000e04   0x00000038   Code   RO         4624    .text               mf_w.l(d2f.o)
    0x08000e3c   0x08000e3c   0x00000024   Code   RO         4630    .text               mc_w.l(init.o)
    0x08000e60   0x08000e60   0x00000008   Code   RO         4634    .text               mc_w.l(ctype_o.o)
    0x08000e68   0x08000e68   0x00000012   Code   RO         4656    .text               mc_w.l(isspace_o.o)
    0x08000e7a   0x08000e7a   0x000000c2   Code   RO         4664    .text               mc_w.l(_strtoull.o)
    0x08000f3c   0x08000f3c   0x0000006e   Code   RO         4666    .text               mf_w.l(fepilogue.o)
    0x08000faa   0x08000faa   0x0000001c   Code   RO         4671    .text               mc_w.l(_chval.o)
    0x08000fc6   0x08000fc6   0x00000004   Code   RO          190    i.BusFault_Handler  stm32f4xx_it.o
    0x08000fca   0x08000fca   0x00000002   Code   RO          191    i.DebugMon_Handler  stm32f4xx_it.o
    0x08000fcc   0x08000fcc   0x0000000c   Code   RO         1124    i.EXTI_ClearITPendingBit  stm32f4xx_exti.o
    0x08000fd8   0x08000fd8   0x00000034   Code   RO         1200    i.FSMC_NORSRAMCmd   stm32f4xx_fsmc.o
    0x0800100c   0x0800100c   0x000000e6   Code   RO         1202    i.FSMC_NORSRAMInit  stm32f4xx_fsmc.o
    0x080010f2   0x080010f2   0x00000090   Code   RO         1325    i.GPIO_Init         stm32f4xx_gpio.o
    0x08001182   0x08001182   0x00000046   Code   RO         1326    i.GPIO_PinAFConfig  stm32f4xx_gpio.o
    0x080011c8   0x080011c8   0x00000012   Code   RO         1329    i.GPIO_ReadInputDataBit  stm32f4xx_gpio.o
    0x080011da   0x080011da   0x00000004   Code   RO         1333    i.GPIO_SetBits      stm32f4xx_gpio.o
    0x080011de   0x080011de   0x00000004   Code   RO          192    i.HardFault_Handler  stm32f4xx_it.o
    0x080011e2   0x080011e2   0x00000002   PAD
    0x080011e4   0x080011e4   0x00000044   Code   RO          458    i.KEY_Init          key.o
    0x08001228   0x08001228   0x000000c8   Code   RO          459    i.KEY_Scan          key.o
    0x080012f0   0x080012f0   0x0000006c   Code   RO          490    i.LCD_Clear         lcd.o
    0x0800135c   0x0800135c   0x0000005c   Code   RO          494    i.LCD_Display_Dir   lcd.o
    0x080013b8   0x080013b8   0x00000020   Code   RO          496    i.LCD_DrawPoint     lcd.o
    0x080013d8   0x080013d8   0x000000aa   Code   RO          498    i.LCD_Draw_Circle   lcd.o
    0x08001482   0x08001482   0x00000002   PAD
    0x08001484   0x08001484   0x00000180   Code   RO          499    i.LCD_Fast_DrawPoint  lcd.o
    0x08001604   0x08001604   0x000000b8   Code   RO          500    i.LCD_Fill          lcd.o
    0x080016bc   0x080016bc   0x00001274   Code   RO          501    i.LCD_Init          lcd.o
    0x08002930   0x08002930   0x00000016   Code   RO          502    i.LCD_Pow           lcd.o
    0x08002946   0x08002946   0x00000002   PAD
    0x08002948   0x08002948   0x00000014   Code   RO          503    i.LCD_RD_DATA       lcd.o
    0x0800295c   0x0800295c   0x000002b4   Code   RO          507    i.LCD_Scan_Dir      lcd.o
    0x08002c10   0x08002c10   0x000001a8   Code   RO          508    i.LCD_SetCursor     lcd.o
    0x08002db8   0x08002db8   0x0000011c   Code   RO          510    i.LCD_ShowChar      lcd.o
    0x08002ed4   0x08002ed4   0x0000009a   Code   RO          511    i.LCD_ShowNum       lcd.o
    0x08002f6e   0x08002f6e   0x00000002   PAD
    0x08002f70   0x08002f70   0x00000018   Code   RO          514    i.LCD_WR_DATA       lcd.o
    0x08002f88   0x08002f88   0x00000018   Code   RO          515    i.LCD_WR_REG        lcd.o
    0x08002fa0   0x08002fa0   0x00000014   Code   RO          517    i.LCD_WriteRAM_Prepare  lcd.o
    0x08002fb4   0x08002fb4   0x00000014   Code   RO          518    i.LCD_WriteReg      lcd.o
    0x08002fc8   0x08002fc8   0x00000040   Code   RO          716    i.LED_Init          led.o
    0x08003008   0x08003008   0x00000004   Code   RO          193    i.MemManage_Handler  stm32f4xx_it.o
    0x0800300c   0x0800300c   0x0000008a   Code   RO          827    i.My_RTC_Init       rtc.o
    0x08003096   0x08003096   0x00000002   PAD
    0x08003098   0x08003098   0x000000c0   Code   RO         4102    i.Mylocaltime       parsejson.o
    0x08003158   0x08003158   0x00000002   Code   RO          194    i.NMI_Handler       stm32f4xx_it.o
    0x0800315a   0x0800315a   0x00000002   PAD
    0x0800315c   0x0800315c   0x00000078   Code   RO          943    i.NVIC_Init         misc.o
    0x080031d4   0x080031d4   0x00000014   Code   RO          944    i.NVIC_PriorityGroupConfig  misc.o
    0x080031e8   0x080031e8   0x0000000c   Code   RO         3108    i.PWR_BackupAccessCmd  stm32f4xx_pwr.o
    0x080031f4   0x080031f4   0x00000002   Code   RO          195    i.PendSV_Handler    stm32f4xx_it.o
    0x080031f6   0x080031f6   0x00000002   PAD
    0x080031f8   0x080031f8   0x00000020   Code   RO         1426    i.RCC_AHB1PeriphClockCmd  stm32f4xx_rcc.o
    0x08003218   0x08003218   0x00000020   Code   RO         1432    i.RCC_AHB3PeriphClockCmd  stm32f4xx_rcc.o
    0x08003238   0x08003238   0x00000020   Code   RO         1435    i.RCC_APB1PeriphClockCmd  stm32f4xx_rcc.o
    0x08003258   0x08003258   0x00000020   Code   RO         1437    i.RCC_APB1PeriphResetCmd  stm32f4xx_rcc.o
    0x08003278   0x08003278   0x00000020   Code   RO         1438    i.RCC_APB2PeriphClockCmd  stm32f4xx_rcc.o
    0x08003298   0x08003298   0x00000020   Code   RO         1440    i.RCC_APB2PeriphResetCmd  stm32f4xx_rcc.o
    0x080032b8   0x080032b8   0x000000e8   Code   RO         1447    i.RCC_GetClocksFreq  stm32f4xx_rcc.o
    0x080033a0   0x080033a0   0x00000040   Code   RO         1448    i.RCC_GetFlagStatus  stm32f4xx_rcc.o
    0x080033e0   0x080033e0   0x0000002c   Code   RO         1456    i.RCC_LSEConfig     stm32f4xx_rcc.o
    0x0800340c   0x0800340c   0x0000000c   Code   RO         1470    i.RCC_RTCCLKCmd     stm32f4xx_rcc.o
    0x08003418   0x08003418   0x0000003c   Code   RO         1471    i.RCC_RTCCLKConfig  stm32f4xx_rcc.o
    0x08003454   0x08003454   0x00000030   Code   RO          828    i.RTC_Alarm_IRQHandler  rtc.o
    0x08003484   0x08003484   0x00000016   Code   RO         1767    i.RTC_Bcd2ToByte    stm32f4xx_rtc.o
    0x0800349a   0x0800349a   0x0000001c   Code   RO         1769    i.RTC_ByteToBcd2    stm32f4xx_rtc.o
    0x080034b6   0x080034b6   0x00000002   PAD
    0x080034b8   0x080034b8   0x0000001c   Code   RO         1772    i.RTC_ClearFlag     stm32f4xx_rtc.o
    0x080034d4   0x080034d4   0x00000050   Code   RO         1779    i.RTC_EnterInitMode  stm32f4xx_rtc.o
    0x08003524   0x08003524   0x00000014   Code   RO         1780    i.RTC_ExitInitMode  stm32f4xx_rtc.o
    0x08003538   0x08003538   0x00000028   Code   RO         1784    i.RTC_GetFlagStatus  stm32f4xx_rtc.o
    0x08003560   0x08003560   0x00000050   Code   RO         1788    i.RTC_GetTime       stm32f4xx_rtc.o
    0x080035b0   0x080035b0   0x0000002c   Code   RO          829    i.RTC_Get_Time      rtc.o
    0x080035dc   0x080035dc   0x00000064   Code   RO         1793    i.RTC_Init          stm32f4xx_rtc.o
    0x08003640   0x08003640   0x00000020   Code   RO         1796    i.RTC_ReadBackupRegister  stm32f4xx_rtc.o
    0x08003660   0x08003660   0x000000c8   Code   RO         1799    i.RTC_SetDate       stm32f4xx_rtc.o
    0x08003728   0x08003728   0x000000d0   Code   RO         1800    i.RTC_SetTime       stm32f4xx_rtc.o
    0x080037f8   0x080037f8   0x00000024   Code   RO          831    i.RTC_Set_Date      rtc.o
    0x0800381c   0x0800381c   0x00000024   Code   RO          832    i.RTC_Set_Time      rtc.o
    0x08003840   0x08003840   0x00000034   Code   RO          834    i.RTC_WKUP_IRQHandler  rtc.o
    0x08003874   0x08003874   0x00000060   Code   RO         1816    i.RTC_WaitForSynchro  stm32f4xx_rtc.o
    0x080038d4   0x080038d4   0x0000001c   Code   RO         1819    i.RTC_WriteBackupRegister  stm32f4xx_rtc.o
    0x080038f0   0x080038f0   0x00000002   Code   RO          196    i.SVC_Handler       stm32f4xx_it.o
    0x080038f2   0x080038f2   0x00000002   PAD
    0x080038f4   0x080038f4   0x000000ec   Code   RO          291    i.SetSysClock       system_stm32f4xx.o
    0x080039e0   0x080039e0   0x00000028   Code   RO          947    i.SysTick_CLKSourceConfig  misc.o
    0x08003a08   0x08003a08   0x00000002   Code   RO          197    i.SysTick_Handler   stm32f4xx_it.o
    0x08003a0a   0x08003a0a   0x00000002   PAD
    0x08003a0c   0x08003a0c   0x00000068   Code   RO          293    i.SystemInit        system_stm32f4xx.o
    0x08003a74   0x08003a74   0x00000034   Code   RO          740    i.TIM7_IRQHandler   timer.o
    0x08003aa8   0x08003aa8   0x00000054   Code   RO          741    i.TIM7_Int_Init     timer.o
    0x08003afc   0x08003afc   0x00000006   Code   RO         2361    i.TIM_ClearITPendingBit  stm32f4xx_tim.o
    0x08003b02   0x08003b02   0x00000018   Code   RO         2366    i.TIM_Cmd           stm32f4xx_tim.o
    0x08003b1a   0x08003b1a   0x00000022   Code   RO         2387    i.TIM_GetITStatus   stm32f4xx_tim.o
    0x08003b3c   0x08003b3c   0x00000012   Code   RO         2391    i.TIM_ITConfig      stm32f4xx_tim.o
    0x08003b4e   0x08003b4e   0x00000004   Code   RO         2432    i.TIM_SetCounter    stm32f4xx_tim.o
    0x08003b52   0x08003b52   0x00000002   PAD
    0x08003b54   0x08003b54   0x00000084   Code   RO         2438    i.TIM_TimeBaseInit  stm32f4xx_tim.o
    0x08003bd8   0x08003bd8   0x00000088   Code   RO          405    i.USART1_IRQHandler  usart.o
    0x08003c60   0x08003c60   0x00000070   Code   RO          774    i.USART3_IRQHandler  usart3.o
    0x08003cd0   0x08003cd0   0x00000012   Code   RO         2916    i.USART_ClearFlag   stm32f4xx_usart.o
    0x08003ce2   0x08003ce2   0x00000018   Code   RO         2920    i.USART_Cmd         stm32f4xx_usart.o
    0x08003cfa   0x08003cfa   0x00000002   PAD
    0x08003cfc   0x08003cfc   0x000000f0   Code   RO         2922    i.USART_DeInit      stm32f4xx_usart.o
    0x08003dec   0x08003dec   0x0000001a   Code   RO         2923    i.USART_GetFlagStatus  stm32f4xx_usart.o
    0x08003e06   0x08003e06   0x00000054   Code   RO         2924    i.USART_GetITStatus  stm32f4xx_usart.o
    0x08003e5a   0x08003e5a   0x0000004a   Code   RO         2926    i.USART_ITConfig    stm32f4xx_usart.o
    0x08003ea4   0x08003ea4   0x000000d4   Code   RO         2927    i.USART_Init        stm32f4xx_usart.o
    0x08003f78   0x08003f78   0x0000000a   Code   RO         2934    i.USART_ReceiveData  stm32f4xx_usart.o
    0x08003f82   0x08003f82   0x00000008   Code   RO         2937    i.USART_SendData    stm32f4xx_usart.o
    0x08003f8a   0x08003f8a   0x00000004   Code   RO          198    i.UsageFault_Handler  stm32f4xx_it.o
    0x08003f8e   0x08003f8e   0x00000002   PAD
    0x08003f90   0x08003f90   0x00000020   Code   RO         4460    i.__0printf         mc_w.l(printfa.o)
    0x08003fb0   0x08003fb0   0x00000028   Code   RO         4462    i.__0sprintf        mc_w.l(printfa.o)
    0x08003fd8   0x08003fd8   0x00000024   Code   RO         4466    i.__0vsprintf       mc_w.l(printfa.o)
    0x08003ffc   0x08003ffc   0x00000030   Code   RO         4626    i.__ARM_fpclassify  m_wm.l(fpclassify.o)
    0x0800402c   0x0800402c   0x00000008   Code   RO         4598    i.__aeabi_errno_addr  mc_w.l(errno.o)
    0x08004034   0x08004034   0x0000005c   Code   RO         4492    i.__free$realloc    mc_w.l(mallocr.o)
    0x08004090   0x08004090   0x000000c8   Code   RO         4168    i.__hardfp_cos      m_wm.l(cos.o)
    0x08004158   0x08004158   0x000000c8   Code   RO         4186    i.__hardfp_sin      m_wm.l(sin.o)
    0x08004220   0x08004220   0x00000028   Code   RO         4198    i.__hardfp_strtod   m_wm.l(strtod.o)
    0x08004248   0x08004248   0x00000438   Code   RO         4559    i.__ieee754_rem_pio2  m_wm.l(rred.o)
    0x08004680   0x08004680   0x00000170   Code   RO         4542    i.__kernel_cos      m_wm.l(cos_i.o)
    0x080047f0   0x080047f0   0x000000f8   Code   RO         4628    i.__kernel_poly     m_wm.l(poly.o)
    0x080048e8   0x080048e8   0x00000130   Code   RO         4564    i.__kernel_sin      m_wm.l(sin_i.o)
    0x08004a18   0x08004a18   0x00000050   Code   RO         4493    i.__malloc$realloc  mc_w.l(mallocr.o)
    0x08004a68   0x08004a68   0x00000014   Code   RO         4546    i.__mathlib_dbl_infnan  m_wm.l(dunder.o)
    0x08004a7c   0x08004a7c   0x00000004   PAD
    0x08004a80   0x08004a80   0x00000020   Code   RO         4548    i.__mathlib_dbl_invalid  m_wm.l(dunder.o)
    0x08004aa0   0x08004aa0   0x00000020   Code   RO         4551    i.__mathlib_dbl_underflow  m_wm.l(dunder.o)
    0x08004ac0   0x08004ac0   0x0000000e   Code   RO         4675    i.__scatterload_copy  mc_w.l(handlers.o)
    0x08004ace   0x08004ace   0x00000002   Code   RO         4676    i.__scatterload_null  mc_w.l(handlers.o)
    0x08004ad0   0x08004ad0   0x0000000e   Code   RO         4677    i.__scatterload_zeroinit  mc_w.l(handlers.o)
    0x08004ade   0x08004ade   0x00000002   PAD
    0x08004ae0   0x08004ae0   0x0000000c   Code   RO         4600    i.__set_errno       mc_w.l(errno.o)
    0x08004aec   0x08004aec   0x00000184   Code   RO         4467    i._fp_digits        mc_w.l(printfa.o)
    0x08004c70   0x08004c70   0x0000000e   Code   RO         4520    i._is_digit         mc_w.l(scanf_fp.o)
    0x08004c7e   0x08004c7e   0x00000002   PAD
    0x08004c80   0x08004c80   0x000006b4   Code   RO         4468    i._printf_core      mc_w.l(printfa.o)
    0x08005334   0x08005334   0x00000024   Code   RO         4469    i._printf_post_padding  mc_w.l(printfa.o)
    0x08005358   0x08005358   0x0000002e   Code   RO         4470    i._printf_pre_padding  mc_w.l(printfa.o)
    0x08005386   0x08005386   0x0000000a   Code   RO         4472    i._sputc            mc_w.l(printfa.o)
    0x08005390   0x08005390   0x00000034   Code   RO         3319    i.atk_8266_check_cmd  wifista.o
    0x080053c4   0x080053c4   0x00000070   Code   RO         3322    i.atk_8266_quit_trans  wifista.o
    0x08005434   0x08005434   0x00000078   Code   RO         3323    i.atk_8266_send_cmd  wifista.o
    0x080054ac   0x080054ac   0x00000128   Code   RO         3325    i.atk_8266_wifista_config  wifista.o
    0x080055d4   0x080055d4   0x00000048   Code   RO         3425    i.buffer_skip_whitespace  cjson.o
    0x0800561c   0x0800561c   0x00000058   Code   RO         3457    i.cJSON_Delete      cjson.o
    0x08005674   0x08005674   0x00000010   Code   RO         3468    i.cJSON_GetErrorPtr  cjson.o
    0x08005684   0x08005684   0x00000012   Code   RO         3470    i.cJSON_GetObjectItem  cjson.o
    0x08005696   0x08005696   0x0000001a   Code   RO         3487    i.cJSON_New_Item    cjson.o
    0x080056b0   0x080056b0   0x00000010   Code   RO         3488    i.cJSON_Parse       cjson.o
    0x080056c0   0x080056c0   0x000000d4   Code   RO         3490    i.cJSON_ParseWithLengthOpts  cjson.o
    0x08005794   0x08005794   0x00000028   Code   RO         3491    i.cJSON_ParseWithOpts  cjson.o
    0x080057bc   0x080057bc   0x000007ac   Code   RO          899    i.calendar_circle_clock_drawpanel  calendar.o
    0x08005f68   0x08005f68   0x00000f6c   Code   RO          900    i.calendar_circle_clock_showtime  calendar.o
    0x08006ed4   0x08006ed4   0x00000012   Code   RO          901    i.calendar_get_time  calendar.o
    0x08006ee6   0x08006ee6   0x00000002   PAD
    0x08006ee8   0x08006ee8   0x000001a4   Code   RO          902    i.calendar_play     calendar.o
    0x0800708c   0x0800708c   0x00000048   Code   RO         3506    i.case_insensitive_strcmp  cjson.o
    0x080070d4   0x080070d4   0x0000003c   Code   RO          339    i.delay_init        delay.o
    0x08007110   0x08007110   0x00000038   Code   RO          340    i.delay_ms          delay.o
    0x08007148   0x08007148   0x0000004c   Code   RO          341    i.delay_us          delay.o
    0x08007194   0x08007194   0x0000004c   Code   RO          342    i.delay_xms         delay.o
    0x080071e0   0x080071e0   0x00000018   Code   RO         4182    i.fabs              m_wm.l(fabs.o)
    0x080071f8   0x080071f8   0x0000001c   Code   RO          407    i.fputc             usart.o
    0x08007214   0x08007214   0x00000130   Code   RO         3391    i.get_beijing_time  time.o
    0x08007344   0x08007344   0x00000004   Code   RO         3512    i.get_decimal_point  cjson.o
    0x08007348   0x08007348   0x00000052   Code   RO         3513    i.get_object_item   cjson.o
    0x0800739a   0x0800739a   0x00000166   Code   RO          519    i.gui_draw_bline1   lcd.o
    0x08007500   0x08007500   0x00000050   Code   RO         4494    i.internal_alloc    mc_w.l(mallocr.o)
    0x08007550   0x08007550   0x00000098   Code   RO            4    i.main              main.o
    0x080075e8   0x080075e8   0x0000006c   Code   RO         3234    i.my_mem_free       malloc.o
    0x08007654   0x08007654   0x00000044   Code   RO         3235    i.my_mem_init       malloc.o
    0x08007698   0x08007698   0x000000a8   Code   RO         3236    i.my_mem_malloc     malloc.o
    0x08007740   0x08007740   0x00000040   Code   RO         3237    i.my_mem_perused    malloc.o
    0x08007780   0x08007780   0x00000024   Code   RO         3238    i.myfree            malloc.o
    0x080077a4   0x080077a4   0x00000028   Code   RO         3239    i.mymalloc          malloc.o
    0x080077cc   0x080077cc   0x00000014   Code   RO         3241    i.mymemset          malloc.o
    0x080077e0   0x080077e0   0x000000f8   Code   RO         3515    i.parse_array       cjson.o
    0x080078d8   0x080078d8   0x0000005a   Code   RO         3516    i.parse_hex4        cjson.o
    0x08007932   0x08007932   0x00000002   PAD
    0x08007934   0x08007934   0x000000fc   Code   RO         4103    i.parse_now_time    parsejson.o
    0x08007a30   0x08007a30   0x00000154   Code   RO         3517    i.parse_number      cjson.o
    0x08007b84   0x08007b84   0x0000013e   Code   RO         3518    i.parse_object      cjson.o
    0x08007cc2   0x08007cc2   0x0000018c   Code   RO         3519    i.parse_string      cjson.o
    0x08007e4e   0x08007e4e   0x00000002   PAD
    0x08007e50   0x08007e50   0x0000013c   Code   RO         3520    i.parse_value       cjson.o
    0x08007f8c   0x08007f8c   0x0000006c   Code   RO         4495    i.realloc           mc_w.l(mallocr.o)
    0x08007ff8   0x08007ff8   0x0000003c   Code   RO         3531    i.skip_utf8_bom     cjson.o
    0x08008034   0x08008034   0x00000050   Code   RO          775    i.u3_printf         usart3.o
    0x08008084   0x08008084   0x000000b4   Code   RO          408    i.uart_init         usart.o
    0x08008138   0x08008138   0x000000d8   Code   RO          776    i.usart3_init       usart3.o
    0x08008210   0x08008210   0x0000012c   Code   RO         3534    i.utf16_literal_to_utf8  cjson.o
    0x0800833c   0x0800833c   0x000017c0   Data   RO          522    .constdata          lcd.o
    0x08009afc   0x08009afc   0x00000024   Data   RO         3248    .constdata          malloc.o
    0x08009b20   0x08009b20   0x0000000c   Data   RO         4104    .constdata          parsejson.o
    0x08009b2c   0x08009b2c   0x00000004   PAD
    0x08009b30   0x08009b30   0x00000030   Data   RO         4543    .constdata          m_wm.l(cos_i.o)
    0x08009b60   0x08009b60   0x000000c8   Data   RO         4561    .constdata          m_wm.l(rred.o)
    0x08009c28   0x08009c28   0x00000028   Data   RO         4565    .constdata          m_wm.l(sin_i.o)
    0x08009c50   0x08009c50   0x00000081   Data   RO         4635    .constdata          mc_w.l(ctype_o.o)
    0x08009cd1   0x08009cd1   0x00000003   PAD
    0x08009cd4   0x08009cd4   0x00000004   Data   RO         4636    .constdata          mc_w.l(ctype_o.o)
    0x08009cd8   0x08009cd8   0x00000050   Data   RO         3326    .conststring        wifista.o
    0x08009d28   0x08009d28   0x00000048   Data   RO         3392    .conststring        time.o
    0x08009d70   0x08009d70   0x00000020   Data   RO         4673    Region$$Table       anon$$obj.o


    Execution Region RW_IRAM1 (Exec base: 0x20000000, Load base: 0x08009d90, Size: 0x0001b3a0, Max: 0x00020000, ABSOLUTE)

    Exec Addr    Load Addr    Size         Type   Attr      Idx    E Section Name        Object

    0x20000000   0x08009d90   0x00000004   Data   RW          343    .data               delay.o
    0x20000004   0x08009d94   0x00000006   Data   RW          410    .data               usart.o
    0x2000000a   0x08009d9a   0x00000001   Data   RW          460    .data               key.o
    0x2000000b   0x08009d9b   0x00000001   PAD
    0x2000000c   0x08009d9c   0x00000002   Data   RW          778    .data               usart3.o
    0x2000000e   0x08009d9e   0x00000007   Data   RW          903    .data               calendar.o
    0x20000015   0x08009da5   0x00000010   Data   RW         1479    .data               stm32f4xx_rcc.o
    0x20000025   0x08009db5   0x00000003   PAD
    0x20000028   0x08009db8   0x00000024   Data   RW         3249    .data               malloc.o
    0x2000004c   0x08009ddc   0x00000020   Data   RW         3327    .data               wifista.o
    0x2000006c   0x08009dfc   0x00000014   Data   RW         3536    .data               cjson.o
    0x20000080   0x08009e10   0x00000004   Data   RW         4596    .data               mc_w.l(mvars.o)
    0x20000084   0x08009e14   0x00000004   Data   RW         4597    .data               mc_w.l(mvars.o)
    0x20000088   0x08009e18   0x00000004   Data   RW         4601    .data               mc_w.l(errno.o)
    0x2000008c        -       0x000000c8   Zero   RW          409    .bss                usart.o
    0x20000154        -       0x0000000e   Zero   RW          521    .bss                lcd.o
    0x20000162   0x08009e1c   0x00000006   PAD
    0x20000168        -       0x00000320   Zero   RW          777    .bss                usart3.o
    0x20000488   0x08009e1c   0x00000018   PAD
    0x200004a0        -       0x0001a900   Zero   RW         3247    .bss                malloc.o
    0x2001ada0        -       0x00000200   Zero   RW          330    HEAP                startup_stm32f40_41xxx.o
    0x2001afa0        -       0x00000400   Zero   RW          329    STACK               startup_stm32f40_41xxx.o



  Load Region LR$$.ARM.__AT_0x10000000 (Base: 0x10000000, Size: 0x00000000, Max: 0x0000f000, ABSOLUTE)

    Execution Region ER$$.ARM.__AT_0x10000000 (Exec base: 0x10000000, Load base: 0x10000000, Size: 0x0000f000, Max: 0x0000f000, ABSOLUTE, UNINIT)

    Exec Addr    Load Addr    Size         Type   Attr      Idx    E Section Name        Object

    0x10000000        -       0x0000f000   Zero   RW         3243    .ARM.__AT_0x10000000  malloc.o



  Load Region LR$$.ARM.__AT_0x1000F000 (Base: 0x1000f000, Size: 0x00000000, Max: 0x00000f00, ABSOLUTE)

    Execution Region ER$$.ARM.__AT_0x1000F000 (Exec base: 0x1000f000, Load base: 0x1000f000, Size: 0x00000f00, Max: 0x00000f00, ABSOLUTE, UNINIT)

    Exec Addr    Load Addr    Size         Type   Attr      Idx    E Section Name        Object

    0x1000f000        -       0x00000f00   Zero   RW         3244    .ARM.__AT_0x1000F000  malloc.o



  Load Region LR$$.ARM.__AT_0x68000000 (Base: 0x68000000, Size: 0x00000000, Max: 0x000f0000, ABSOLUTE)

    Execution Region ER$$.ARM.__AT_0x68000000 (Exec base: 0x68000000, Load base: 0x68000000, Size: 0x000f0000, Max: 0x000f0000, ABSOLUTE, UNINIT)

    Exec Addr    Load Addr    Size         Type   Attr      Idx    E Section Name        Object

    0x68000000        -       0x000f0000   Zero   RW         3245    .ARM.__AT_0x68000000  malloc.o



  Load Region LR$$.ARM.__AT_0x680F0000 (Base: 0x680f0000, Size: 0x00000000, Max: 0x0000f000, ABSOLUTE)

    Execution Region ER$$.ARM.__AT_0x680F0000 (Exec base: 0x680f0000, Load base: 0x680f0000, Size: 0x0000f000, Max: 0x0000f000, ABSOLUTE, UNINIT)

    Exec Addr    Load Addr    Size         Type   Attr      Idx    E Section Name        Object

    0x680f0000        -       0x0000f000   Zero   RW         3246    .ARM.__AT_0x680F0000  malloc.o


==============================================================================

Image component sizes


      Code (inc. data)   RO Data    RW Data    ZI Data      Debug   Object Name

      6350        110          0          7          0       4339   calendar.o
      2714         80          0         20          0      18005   cjson.o
       268         16          0          4          0       2403   delay.o
       268         20          0          1          0       1210   key.o
      7736        164       6080          0         14      17149   lcd.o
        64          4          0          0          0        511   led.o
       152         30          0          0          0     305230   main.o
       504         60         36         36    1218560       6278   malloc.o
       180         24          0          0          0       1977   misc.o
       444         60         12          0          0       3826   parsejson.o
       354         18          0          0          0       4168   rtc.o
        36          8        392          0       1536        812   startup_stm32f40_41xxx.o
        12          6          0          0          0        517   stm32f4xx_exti.o
       282          6          0          0          0       1749   stm32f4xx_fsmc.o
       236          0          0          0          0       2838   stm32f4xx_gpio.o
        26          0          0          0          0       3846   stm32f4xx_it.o
        12          6          0          0          0        506   stm32f4xx_pwr.o
       604         78          0         16          0       8401   stm32f4xx_rcc.o
       962         70          0          0          0       8796   stm32f4xx_rtc.o
       218         28          0          0          0       4051   stm32f4xx_tim.o
       696         42          0          0          0       6482   stm32f4xx_usart.o
       340         32          0          0          0       1401   system_stm32f4xx.o
       304        128         72          0          0       2199   time.o
       136         16          0          0          0       1158   timer.o
       344         28          0          6        200       3676   usart.o
       408         42          0          2        800       3286   usart3.o
       580        152         80         32          0       3408   wifista.o

    ----------------------------------------------------------------------
     24262       1228       6708        128    1221140     418222   Object Totals
         0          0         32          0          0          0   (incl. Generated)
        32          0          4          4         30          0   (incl. Padding)

    ----------------------------------------------------------------------

      Code (inc. data)   RO Data    RW Data    ZI Data      Debug   Library Member Name

       200         20          0          0          0        164   cos.o
       368         46         48          0          0        200   cos_i.o
        84         16          0          0          0        372   dunder.o
        24          0          0          0          0        124   fabs.o
        48          0          0          0          0        124   fpclassify.o
       248          0          0          0          0        152   poly.o
      1080        142        200          0          0        188   rred.o
       200         20          0          0          0        164   sin.o
       304         24         40          0          0        208   sin_i.o
        40         10          0          0          0        128   strtod.o
       144          0          0          0          0         88   __strtoll.o
        28          0          0          0          0         68   _chval.o
        64          0          0          0          0         84   _sgetc.o
       194          0          0          0          0         96   _strtoull.o
        26          0          0          0          0         80   atoll.o
         8          4        133          0          0         68   ctype_o.o
         0          0          0          0          0          0   entry.o
         0          0          0          0          0          0   entry10a.o
         0          0          0          0          0          0   entry11a.o
         4          0          0          0          0          0   entry12b.o
         8          4          0          0          0          0   entry2.o
         4          0          0          0          0          0   entry5.o
         0          0          0          0          0          0   entry7b.o
         0          0          0          0          0          0   entry8b.o
         8          4          0          0          0          0   entry9a.o
        20         10          0          4          0        136   errno.o
        30          0          0          0          0          0   handlers.o
        36          8          0          0          0         68   init.o
        18          0          0          0          0         76   isspace_o.o
         0          0          0          0          0          0   iusefp.o
        98          0          0          0          0         84   ldiv.o
        30          0          0          0          0         68   llshl.o
        36          0          0          0          0         68   llsshr.o
        32          0          0          0          0         68   llushr.o
       360         30          0          0          0        356   mallocr.o
        36          0          0          0          0         68   memcpya.o
        36          0          0          0          0        108   memseta.o
         0          0          0          8          0          0   mvars.o
      2304        102          0          0          0        696   printfa.o
       878         12          0          0          0        216   scanf_fp.o
        28          0          0          0          0         76   strcmp.o
        14          0          0          0          0         68   strlen.o
        30          0          0          0          0         80   strncmp.o
        36          0          0          0          0         80   strstr.o
       156         12          0          0          0        120   strtod.o
        12          0          0          0          0         68   tolower.o
        44          0          0          0          0         80   uidiv.o
        98          0          0          0          0         92   uldiv.o
        48          0          0          0          0         68   cdcmple.o
        48          0          0          0          0         68   cdrcmple.o
        56          0          0          0          0         88   d2f.o
       334          0          0          0          0        148   dadd.o
       222          0          0          0          0        100   ddiv.o
       186          0          0          0          0        176   depilogue.o
        62          0          0          0          0         80   dfixi.o
        50          0          0          0          0         76   dfixui.o
        48          0          0          0          0         68   dfixul.o
        34          0          0          0          0         76   dflti.o
        26          0          0          0          0         76   dfltui.o
        24          0          0          0          0         76   dfltul.o
       228          0          0          0          0         96   dmul.o
        38          0          0          0          0         68   f2d.o
       110          0          0          0          0        168   fepilogue.o

    ----------------------------------------------------------------------
      8942        464        424         12          0       6416   Library Totals
        12          0          3          0          0          0   (incl. Padding)

    ----------------------------------------------------------------------

      Code (inc. data)   RO Data    RW Data    ZI Data      Debug   Library Name

      2596        278        288          0          0       1824   m_wm.l
      4820        186        133         12          0       3160   mc_w.l
      1514          0          0          0          0       1432   mf_w.l

    ----------------------------------------------------------------------
      8942        464        424         12          0       6416   Library Totals

    ----------------------------------------------------------------------

==============================================================================


      Code (inc. data)   RO Data    RW Data    ZI Data      Debug   

     33204       1692       7132        140    1221140     407994   Grand Totals
     33204       1692       7132        140    1221140     407994   ELF Image Totals
     33204       1692       7132        140          0          0   ROM Totals

==============================================================================

    Total RO  Size (Code + RO Data)                40336 (  39.39kB)
    Total RW  Size (RW Data + ZI Data)           1221280 (1192.66kB)
    Total ROM Size (Code + RO Data + RW Data)      40476 (  39.53kB)

==============================================================================

